Component: ARM Compiler 5.06 update 6 (build 750) Tool: armlink [4d35ed]

==============================================================================

Section Cross References

    startup_stm32f10x_hd.o(RESET) refers to startup_stm32f10x_hd.o(STACK) for __initial_sp
    startup_stm32f10x_hd.o(RESET) refers to startup_stm32f10x_hd.o(.text) for Reset_Handler
    startup_stm32f10x_hd.o(RESET) refers to stm32f10x_it.o(.text) for NMI_Handler
    startup_stm32f10x_hd.o(RESET) refers to tim.o(.text) for TIM2_IRQHandler
    startup_stm32f10x_hd.o(RESET) refers to lora.o(.text) for USART1_IRQHandler
    startup_stm32f10x_hd.o(RESET) refers to uart.o(.text) for USART2_IRQHandler
    startup_stm32f10x_hd.o(.text) refers to system_stm32f10x.o(.text) for SystemInit
    startup_stm32f10x_hd.o(.text) refers to entry.o(.ARM.Collect$$$$00000000) for __main
    system_stm32f10x.o(.text) refers to system_stm32f10x.o(.data) for SystemCoreClock
    stm32f10x_adc.o(.text) refers to stm32f10x_rcc.o(.text) for RCC_APB2PeriphResetCmd
    stm32f10x_bkp.o(.text) refers to stm32f10x_rcc.o(.text) for RCC_BackupResetCmd
    stm32f10x_can.o(.text) refers to stm32f10x_rcc.o(.text) for RCC_APB1PeriphResetCmd
    stm32f10x_cec.o(.text) refers to stm32f10x_rcc.o(.text) for RCC_APB1PeriphResetCmd
    stm32f10x_dac.o(.text) refers to stm32f10x_rcc.o(.text) for RCC_APB1PeriphResetCmd
    stm32f10x_gpio.o(.text) refers to stm32f10x_rcc.o(.text) for RCC_APB2PeriphResetCmd
    stm32f10x_i2c.o(.text) refers to stm32f10x_rcc.o(.text) for RCC_APB1PeriphResetCmd
    stm32f10x_pwr.o(.text) refers to stm32f10x_rcc.o(.text) for RCC_APB1PeriphResetCmd
    stm32f10x_rcc.o(.text) refers to stm32f10x_rcc.o(.data) for APBAHBPrescTable
    stm32f10x_spi.o(.text) refers to stm32f10x_rcc.o(.text) for RCC_APB2PeriphResetCmd
    stm32f10x_tim.o(.text) refers to stm32f10x_rcc.o(.text) for RCC_APB2PeriphResetCmd
    stm32f10x_usart.o(.text) refers to stm32f10x_rcc.o(.text) for RCC_APB2PeriphResetCmd
    stm32f10x_wwdg.o(.text) refers to stm32f10x_rcc.o(.text) for RCC_APB1PeriphResetCmd
    fat_core.o(.text) refers to memseta.o(.text) for __aeabi_memclr
    fat_core.o(.text) refers to printf3.o(i.__0printf$3) for __2printf
    fat_core.o(.text) refers to uart.o(.text) for uart3_send_longbyte
    fat_core.o(.text) refers to strstr.o(.text) for strstr
    fat_core.o(.text) refers to fat_core.o(.data) for uart_send_byte
    fat_core.o(.text) refers to fat_core.o(.bss) for cFatUartRecvBuf
    fat_core.o(.data) refers to fat_core.o(.text) for fat_uart_send_byte
    lte_demo.o(.text) refers to stm32f10x_gpio.o(.text) for GPIO_SetBits
    lte_demo.o(.text) refers to fat_core.o(.text) for wait_timeout
    lte_demo.o(.text) refers to strstr.o(.text) for strstr
    lte_demo.o(.text) refers to memcpya.o(.text) for __aeabi_memcpy
    lte_demo.o(.text) refers to atoi.o(.text) for atoi
    lte_demo.o(.text) refers to lte_demo.o(.data) for ucStateNum
    lte_demo.o(.text) refers to fat_core.o(.bss) for cFatUartRecvBuf
    lte_demo.o(.text) refers to printf3.o(i.__0printf$3) for __2printf
    lte_demo.o(.text) refers to uart.o(.text) for USART_SendString
    lte_demo.o(.text) refers to uart.o(.data) for my_usart_recv
    lte_demo.o(.text) refers to fat_core.o(.data) for ucFatUartRecvFinishFlg
    lte_demo.o(.text) refers to lte_demo.o(.bss) for this_cpa_addr
    uart.o(.text) refers to stm32f10x_rcc.o(.text) for RCC_APB2PeriphClockCmd
    uart.o(.text) refers to stm32f10x_gpio.o(.text) for GPIO_Init
    uart.o(.text) refers to misc.o(.text) for NVIC_Init
    uart.o(.text) refers to stm32f10x_usart.o(.text) for USART_Init
    uart.o(.text) refers to fat_core.o(.text) for fat_uart_recv_proc
    tim.o(.text) refers to stm32f10x_rcc.o(.text) for RCC_APB1PeriphClockCmd
    tim.o(.text) refers to stm32f10x_tim.o(.text) for TIM_TimeBaseInit
    tim.o(.text) refers to misc.o(.text) for NVIC_PriorityGroupConfig
    tim.o(.text) refers to fat_core.o(.text) for fat_tim_proc
    tim.o(.text) refers to lora.o(.data) for bufWatch
    tim.o(.text) refers to tim.o(.data) for work_windows
    gpio.o(.text) refers to stm32f10x_rcc.o(.text) for RCC_APB2PeriphClockCmd
    gpio.o(.text) refers to stm32f10x_gpio.o(.text) for GPIO_Init
    lora.o(.text) refers to uart.o(.text) for uart1_send_byte
    lora.o(.text) refers to memseta.o(.text) for __aeabi_memclr
    lora.o(.text) refers to fat_core.o(.text) for fat_delay
    lora.o(.text) refers to printf3.o(i.__0printf$3) for __2printf
    lora.o(.text) refers to strncmp.o(.text) for strncmp
    lora.o(.text) refers to strstr.o(.text) for strstr
    lora.o(.text) refers to stm32f10x_usart.o(.text) for USART_GetITStatus
    lora.o(.text) refers to lora.o(.constdata) for .constdata
    lora.o(.text) refers to lora.o(.data) for workState
    lora.o(.text) refers to lora.o(.bss) for FeedBack
    lora.o(.text) refers to tim.o(.data) for work_windows
[...]
    printf8.o(i.__0vprintf$8) refers to uart.o(.data) for __stdout
    printf8.o(i.__0vsnprintf$8) refers to printf8.o(i._printf_core) for _printf_core
    printf8.o(i.__0vsnprintf$8) refers to printf8.o(i._snputc) for _snputc
    printf8.o(i.__0vsprintf$8) refers to printf8.o(i._printf_core) for _printf_core
    printf8.o(i.__0vsprintf$8) refers to printf8.o(i._sputc) for _sputc
    printf8.o(i._printf_core) refers to printf8.o(i._printf_pre_padding) for _printf_pre_padding
    printf8.o(i._printf_core) refers to uldiv.o(.text) for __aeabi_uldivmod
    printf8.o(i._printf_core) refers to printf8.o(i._printf_post_padding) for _printf_post_padding
    printfa.o(i.__0fprintf) refers (Special) to iusefp.o(.text) for __I$use$fp
    printfa.o(i.__0fprintf) refers to printfa.o(i._printf_core) for _printf_core
    printfa.o(i.__0fprintf) refers to uart.o(.text) for fputc
    printfa.o(i.__0printf) refers (Special) to iusefp.o(.text) for __I$use$fp
    printfa.o(i.__0printf) refers to printfa.o(i._printf_core) for _printf_core
    printfa.o(i.__0printf) refers to uart.o(.text) for fputc
    printfa.o(i.__0printf) refers to uart.o(.data) for __stdout
    printfa.o(i.__0snprintf) refers (Special) to iusefp.o(.text) for __I$use$fp
    printfa.o(i.__0snprintf) refers to printfa.o(i._printf_core) for _printf_core
    printfa.o(i.__0snprintf) refers to printfa.o(i._snputc) for _snputc
    printfa.o(i.__0sprintf) refers (Special) to iusefp.o(.text) for __I$use$fp
    printfa.o(i.__0sprintf) refers to printfa.o(i._printf_core) for _printf_core
    printfa.o(i.__0sprintf) refers to printfa.o(i._sputc) for _sputc
    printfa.o(i.__0vfprintf) refers (Special) to iusefp.o(.text) for __I$use$fp
    printfa.o(i.__0vfprintf) refers to printfa.o(i._printf_core) for _printf_core
    printfa.o(i.__0vfprintf) refers to uart.o(.text) for fputc
    printfa.o(i.__0vprintf) refers (Special) to iusefp.o(.text) for __I$use$fp
    printfa.o(i.__0vprintf) refers to printfa.o(i._printf_core) for _printf_core
    printfa.o(i.__0vprintf) refers to uart.o(.text) for fputc
    printfa.o(i.__0vprintf) refers to uart.o(.data) for __stdout
    printfa.o(i.__0vsnprintf) refers (Special) to iusefp.o(.text) for __I$use$fp
    printfa.o(i.__0vsnprintf) refers to printfa.o(i._printf_core) for _printf_core
    printfa.o(i.__0vsnprintf) refers to printfa.o(i._snputc) for _snputc
    printfa.o(i.__0vsprintf) refers (Special) to iusefp.o(.text) for __I$use$fp
    printfa.o(i.__0vsprintf) refers to printfa.o(i._printf_core) for _printf_core
    printfa.o(i.__0vsprintf) refers to printfa.o(i._sputc) for _sputc
    printfa.o(i._fp_digits) refers (Special) to iusefp.o(.text) for __I$use$fp
    printfa.o(i._fp_digits) refers to dmul.o(.text) for __aeabi_dmul
    printfa.o(i._fp_digits) refers to ddiv.o(.text) for __aeabi_ddiv
    printfa.o(i._fp_digits) refers to cdrcmple.o(.text) for __aeabi_cdrcmple
    printfa.o(i._fp_digits) refers to dadd.o(.text) for __aeabi_dadd
    printfa.o(i._fp_digits) refers to dfixul.o(.text) for __aeabi_d2ulz
    printfa.o(i._fp_digits) refers to uldiv.o(.text) for __aeabi_uldivmod
    printfa.o(i._printf_core) refers (Special) to iusefp.o(.text) for __I$use$fp
    printfa.o(i._printf_core) refers to printfa.o(i._printf_pre_padding) for _printf_pre_padding
    printfa.o(i._printf_core) refers to uldiv.o(.text) for __aeabi_uldivmod
    printfa.o(i._printf_core) refers to printfa.o(i._printf_post_padding) for _printf_post_padding
    printfa.o(i._printf_core) refers to printfa.o(i._fp_digits) for _fp_digits
    printfa.o(i._printf_core) refers to uidiv.o(.text) for __aeabi_uidivmod
    printfa.o(i._printf_post_padding) refers (Special) to iusefp.o(.text) for __I$use$fp
    printfa.o(i._printf_pre_padding) refers (Special) to iusefp.o(.text) for __I$use$fp
    printfa.o(i._snputc) refers (Special) to iusefp.o(.text) for __I$use$fp
    printfa.o(i._sputc) refers (Special) to iusefp.o(.text) for __I$use$fp
    atoi.o(.text) refers to errno.o(i.__aeabi_errno_addr) for __aeabi_errno_addr
    atoi.o(.text) refers to strtol.o(.text) for strtol
    dmul.o(.text) refers (Special) to iusefp.o(.text) for __I$use$fp
    dmul.o(.text) refers to depilogue.o(.text) for _double_epilogue
    ddiv.o(.text) refers (Special) to iusefp.o(.text) for __I$use$fp
    ddiv.o(.text) refers to depilogue.o(.text) for _double_round
    dfixui.o(.text) refers (Special) to iusefp.o(.text) for __I$use$fp
    dfixui.o(.text) refers to llushr.o(.text) for __aeabi_llsr
    f2d.o(.text) refers (Special) to iusefp.o(.text) for __I$use$fp
    entry2.o(.ARM.Collect$$$$00000001) refers to entry2.o(.ARM.Collect$$$$00002712) for __lit__00000000
    entry2.o(.ARM.Collect$$$$00002712) refers to startup_stm32f10x_hd.o(STACK) for __initial_sp
    entry2.o(__vectab_stack_and_reset_area) refers to startup_stm32f10x_hd.o(STACK) for __initial_sp
    entry2.o(__vectab_stack_and_reset_area) refers to entry.o(.ARM.Collect$$$$00000000) for __main
    entry5.o(.ARM.Collect$$$$00000004) refers to init.o(.text) for __scatterload
    entry9a.o(.ARM.Collect$$$$0000000B) refers to main.o(.text) for main
    entry9b.o(.ARM.Collect$$$$0000000C) refers to main.o(.text) for main
    uldiv.o(.text) refers to llushr.o(.text) for __aeabi_llsr
    uldiv.o(.text) refers to llshl.o(.text) for __aeabi_llsl
    errno.o(i.__aeabi_errno_addr) refers to errno.o(.data) for .data
    errno.o(i.__read_errno) refers to errno.o(.data) for .data
    errno.o(i.__set_errno) refers to errno.o(.data) for .data
    strtol.o(.text) refers to ctype_o.o(.text) for __rt_ctype_table
    strtol.o(.text) refers to _strtoul.o(.text) for _strtoul
    strtol.o(.text) refers to errno.o(i.__aeabi_errno_addr) for __aeabi_errno_addr
    depilogue.o(.text) refers to llshl.o(.text) for __aeabi_llsl
    depilogue.o(.text) refers to llushr.o(.text) for __aeabi_llsr
    dadd.o(.text) refers to llshl.o(.text) for __aeabi_llsl
    dadd.o(.text) refers to llsshr.o(.text) for __aeabi_lasr
    dadd.o(.text) refers to depilogue.o(.text) for _double_epilogue
    dfixul.o(.text) refers to llushr.o(.text) for __aeabi_llsr
    dfixul.o(.text) refers to llshl.o(.text) for __aeabi_llsl
    init.o(.text) refers to entry5.o(.ARM.Collect$$$$00000004) for __main_after_scatterload
    ctype_o.o(.text) refers to ctype_o.o(.constdata) for .constdata
    ctype_o.o(.constdata) refers to ctype_o.o(.constdata) for __ctype_table
    isalnum_o.o(.text) refers to ctype_o.o(.text) for __rt_ctype_table
    isalpha_o.o(.text) refers to ctype_o.o(.text) for __rt_ctype_table
    isblank_o.o(.text) refers to ctype_o.o(.constdata) for __ctype_table
    iscntrl_o.o(.text) refers to ctype_o.o(.text) for __rt_ctype_table
    isdigit_o.o(.text) refers to ctype_o.o(.text) for __rt_ctype_table
    isgraph_o.o(.text) refers to ctype_o.o(.text) for __rt_ctype_table
    islower_o.o(.text) refers to ctype_o.o(.text) for __rt_ctype_table
    isprint_o.o(.text) refers to ctype_o.o(.text) for __rt_ctype_table
    ispunct_o.o(.text) refers to ctype_o.o(.text) for __rt_ctype_table
    isspace_o.o(.text) refers to ctype_o.o(.text) for __rt_ctype_table
    isupper_o.o(.text) refers to ctype_o.o(.text) for __rt_ctype_table
    isxdigit_o.o(.text) refers to ctype_o.o(.text) for __rt_ctype_table
    _strtoul.o(.text) refers to _chval.o(.text) for _chval
    _strtoul.o(.text) refers to errno.o(i.__aeabi_errno_addr) for __aeabi_errno_addr


==============================================================================

Removing Unused input sections from the image.

    Removing startup_stm32f10x_hd.o(HEAP), (512 bytes).
    Removing core_cm3.o(.emb_text), (32 bytes).
    Removing stm32f10x_bkp.o(.text), (196 bytes).
    Removing stm32f10x_can.o(.text), (2544 bytes).
    Removing stm32f10x_cec.o(.text), (288 bytes).
    Removing stm32f10x_crc.o(.text), (72 bytes).
    Removing stm32f10x_dac.o(.text), (396 bytes).
    Removing stm32f10x_dbgmcu.o(.text), (48 bytes).
    Removing stm32f10x_dma.o(.text), (596 bytes).
    Removing stm32f10x_exti.o(.text), (284 bytes).
    Removing stm32f10x_flash.o(.text), (1468 bytes).
    Removing stm32f10x_fsmc.o(.text), (1548 bytes).
    Removing stm32f10x_i2c.o(.text), (1028 bytes).
    Removing stm32f10x_pwr.o(.text), (204 bytes).
    Removing stm32f10x_rtc.o(.text), (328 bytes).
    Removing stm32f10x_sdio.o(.text), (468 bytes).
    Removing stm32f10x_spi.o(.text), (780 bytes).
    Removing stm32f10x_wwdg.o(.text), (136 bytes).
    Removing chipid.o(.text), (104 bytes).
    Removing chipid.o(.bss), (24 bytes).
    Removing chipid.o(.data), (40 bytes).
    Removing dadd.o(.text), (334 bytes).
    Removing dfixul.o(.text), (48 bytes).
    Removing cdrcmple.o(.text), (48 bytes).

24 unused section(s) (total 11526 bytes) removed from the image.

==============================================================================

Image Symbol Table

    Local Symbols

    Symbol Name                              Value     Ov Type        Size  Object(Section)

    ../clib/microlib/ctype/ctype.c           0x00000000   Number         0  islower_o.o ABSOLUTE
    ../clib/microlib/ctype/ctype.c           0x00000000   Number         0  isprint_o.o ABSOLUTE
    ../clib/microlib/ctype/ctype.c           0x00000000   Number         0  isalpha_o.o ABSOLUTE
    ../clib/microlib/ctype/ctype.c           0x00000000   Number         0  ispunct_o.o ABSOLUTE
    ../clib/microlib/ctype/ctype.c           0x00000000   Number         0  isblank_o.o ABSOLUTE
    ../clib/microlib/ctype/ctype.c           0x00000000   Number         0  iscntrl_o.o ABSOLUTE
    ../clib/microlib/ctype/ctype.c           0x00000000   Number         0  isxdigit_o.o ABSOLUTE
    ../clib/microlib/ctype/ctype.c           0x00000000   Number         0  isdigit_o.o ABSOLUTE
    ../clib/microlib/ctype/ctype.c           0x00000000   Number         0  isupper_o.o ABSOLUTE
    ../clib/microlib/ctype/ctype.c           0x00000000   Number         0  isgraph_o.o ABSOLUTE
    ../clib/microlib/ctype/ctype.c           0x00000000   Number         0  isspace_o.o ABSOLUTE
    ../clib/microlib/ctype/ctype.c           0x00000000   Number         0  isalnum_o.o ABSOLUTE
    ../clib/microlib/ctype/ctype.c           0x00000000   Number         0  ctype_o.o ABSOLUTE
    ../clib/microlib/division.c              0x00000000   Number         0  uidiv.o ABSOLUTE
    ../clib/microlib/division.c              0x00000000   Number         0  uldiv.o ABSOLUTE
    ../clib/microlib/errno.c                 0x00000000   Number         0  errno.o ABSOLUTE
    ../clib/microlib/init/entry.s            0x00000000   Number         0  entry8a.o ABSOLUTE
    ../clib/microlib/init/entry.s            0x00000000   Number         0  entry8b.o ABSOLUTE
    ../clib/microlib/init/entry.s            0x00000000   Number         0  entry9a.o ABSOLUTE
    ../clib/microlib/init/entry.s            0x00000000   Number         0  entry9b.o ABSOLUTE
    ../clib/microlib/init/entry.s            0x00000000   Number         0  entry10a.o ABSOLUTE
    ../clib/microlib/init/entry.s            0x00000000   Number         0  entry10b.o ABSOLUTE
    ../clib/microlib/init/entry.s            0x00000000   Number         0  entry11a.o ABSOLUTE
    ../clib/microlib/init/entry.s            0x00000000   Number         0  entry11b.o ABSOLUTE
    ../clib/microlib/init/entry.s            0x00000000   Number         0  entry.o ABSOLUTE
    ../clib/microlib/init/entry.s            0x00000000   Number         0  entry7b.o ABSOLUTE
    ../clib/microlib/init/entry.s            0x00000000   Number         0  entry7a.o ABSOLUTE
    ../clib/microlib/init/entry.s            0x00000000   Number         0  entry5.o ABSOLUTE
    ../clib/microlib/init/entry.s            0x00000000   Number         0  entry2.o ABSOLUTE
    ../clib/microlib/longlong.c              0x00000000   Number         0  llushr.o ABSOLUTE
    ../clib/microlib/longlong.c              0x00000000   Number         0  llsshr.o ABSOLUTE
    ../clib/microlib/longlong.c              0x00000000   Number         0  llshl.o ABSOLUTE
    ../clib/microlib/printf/printf.c         0x00000000   Number         0  printf1.o ABSOLUTE
    ../clib/microlib/printf/printf.c         0x00000000   Number         0  printf0.o ABSOLUTE
    ../clib/microlib/printf/printf.c         0x00000000   Number         0  printfb.o ABSOLUTE
    ../clib/microlib/printf/printf.c         0x00000000   Number         0  printf5.o ABSOLUTE
    ../clib/microlib/printf/printf.c         0x00000000   Number         0  printf2.o ABSOLUTE
    ../clib/microlib/printf/printf.c         0x00000000   Number         0  printf4.o ABSOLUTE
    ../clib/microlib/printf/printf.c         0x00000000   Number         0  printf3.o ABSOLUTE
    ../clib/microlib/printf/printf.c         0x00000000   Number         0  printfa.o ABSOLUTE
    ../clib/microlib/printf/printf.c         0x00000000   Number         0  printf8.o ABSOLUTE
    ../clib/microlib/printf/printf.c         0x00000000   Number         0  printf7.o ABSOLUTE
    ../clib/microlib/printf/printf.c         0x00000000   Number         0  printf6.o ABSOLUTE
    ../clib/microlib/printf/stubs.s          0x00000000   Number         0  stubs.o ABSOLUTE
    ../clib/microlib/string/memcpy.c         0x00000000   Number         0  memcpya.o ABSOLUTE
    ../clib/microlib/string/memcpy.c         0x00000000   Number         0  memcpyb.o ABSOLUTE
    ../clib/microlib/string/memset.c         0x00000000   Number         0  memseta.o ABSOLUTE
    ../clib/microlib/string/strncmp.c        0x00000000   Number         0  strncmp.o ABSOLUTE
    ../clib/microlib/string/strstr.c         0x00000000   Number         0  strstr.o ABSOLUTE
    ../clib/microlib/stubs.s                 0x00000000   Number         0  useno.o ABSOLUTE
    ../clib/microlib/stubs.s                 0x00000000   Number         0  iusefp.o ABSOLUTE
    ../clib/scanf.c                          0x00000000   Number         0  _strtoul.o ABSOLUTE
    ../clib/scanf.c                          0x00000000   Number         0  _chval.o ABSOLUTE
    ../clib/scanf.c                          0x00000000   Number         0  atoi.o ABSOLUTE
    ../clib/scanf.c                          0x00000000   Number         0  strtol.o ABSOLUTE
    ../fplib/microlib/f2d.c                  0x00000000   Number         0  f2d.o ABSOLUTE
    ../fplib/microlib/fpadd.c                0x00000000   Number         0  dadd.o ABSOLUTE
    ../fplib/microlib/fpdiv.c                0x00000000   Number         0  ddiv.o ABSOLUTE
    ../fplib/microlib/fpepilogue.c           0x00000000   Number         0  depilogue.o ABSOLUTE
    ../fplib/microlib/fpfix.c                0x00000000   Number         0  dfixul.o ABSOLUTE
    ../fplib/microlib/fpfix.c                0x00000000   Number         0  dfixui.o ABSOLUTE
    ../fplib/microlib/fpmul.c                0x00000000   Number         0  dmul.o ABSOLUTE
    ..\..\Applications\ADC\adc.c             0x00000000   Number         0  adc.o ABSOLUTE
    ..\..\Applications\ChipID\chipid.c       0x00000000   Number         0  chipid.o ABSOLUTE
    ..\..\Applications\IWDG\iwdg.c           0x00000000   Number         0  iwdg.o ABSOLUTE
    ..\..\Applications\gpio\gpio.c           0x00000000   Number         0  gpio.o ABSOLUTE
    ..\..\Applications\lora\LoRa.c           0x00000000   Number         0  lora.o ABSOLUTE
    ..\..\Applications\lte\fat_core.c        0x00000000   Number         0  fat_core.o ABSOLUTE
    ..\..\Applications\lte\lte_demo.c        0x00000000   Number         0  lte_demo.o ABSOLUTE
    ..\..\Applications\tim\tim.c             0x00000000   Number         0  tim.o ABSOLUTE
    ..\..\Applications\uart\uart.c           0x00000000   Number         0  uart.o ABSOLUTE
    ..\..\Libraries\CMSIS\core_cm3.c         0x00000000   Number         0  core_cm3.o ABSOLUTE
    ..\..\Libraries\CMSIS\startup\startup_stm32f10x_hd.s 0x00000000   Number         0  startup_stm32f10x_hd.o ABSOLUTE
    ..\..\Libraries\CMSIS\system_stm32f10x.c 0x00000000   Number         0  system_stm32f10x.o ABSOLUTE
    ..\..\Libraries\FWlib\src\misc.c         0x00000000   Number         0  misc.o ABSOLUTE
    ..\..\Libraries\FWlib\src\stm32f10x_adc.c 0x00000000   Number         0  stm32f10x_adc.o ABSOLUTE
    ..\..\Libraries\FWlib\src\stm32f10x_bkp.c 0x00000000   Number         0  stm32f10x_bkp.o ABSOLUTE
    ..\..\Libraries\FWlib\src\stm32f10x_can.c 0x00000000   Number         0  stm32f10x_can.o ABSOLUTE
    ..\..\Libraries\FWlib\src\stm32f10x_cec.c 0x00000000   Number         0  stm32f10x_cec.o ABSOLUTE
    ..\..\Libraries\FWlib\src\stm32f10x_crc.c 0x00000000   Number         0  stm32f10x_crc.o ABSOLUTE
    ..\..\Libraries\FWlib\src\stm32f10x_dac.c 0x00000000   Number         0  stm32f10x_dac.o ABSOLUTE
    ..\..\Libraries\FWlib\src\stm32f10x_dbgmcu.c 0x00000000   Number         0  stm32f10x_dbgmcu.o ABSOLUTE
    ..\..\Libraries\FWlib\src\stm32f10x_dma.c 0x00000000   Number         0  stm32f10x_dma.o ABSOLUTE
    ..\..\Libraries\FWlib\src\stm32f10x_exti.c 0x00000000   Number         0  stm32f10x_exti.o ABSOLUTE
    ..\..\Libraries\FWlib\src\stm32f10x_flash.c 0x00000000   Number         0  stm32f10x_flash.o ABSOLUTE
    ..\..\Libraries\FWlib\src\stm32f10x_fsmc.c 0x00000000   Number         0  stm32f10x_fsmc.o ABSOLUTE
    ..\..\Libraries\FWlib\src\stm32f10x_gpio.c 0x00000000   Number         0  stm32f10x_gpio.o ABSOLUTE
    ..\..\Libraries\FWlib\src\stm32f10x_i2c.c 0x00000000   Number         0  stm32f10x_i2c.o ABSOLUTE
    ..\..\Libraries\FWlib\src\stm32f10x_iwdg.c 0x00000000   Number         0  stm32f10x_iwdg.o ABSOLUTE
    ..\..\Libraries\FWlib\src\stm32f10x_pwr.c 0x00000000   Number         0  stm32f10x_pwr.o ABSOLUTE
    ..\..\Libraries\FWlib\src\stm32f10x_rcc.c 0x00000000   Number         0  stm32f10x_rcc.o ABSOLUTE
    ..\..\Libraries\FWlib\src\stm32f10x_rtc.c 0x00000000   Number         0  stm32f10x_rtc.o ABSOLUTE
    ..\..\Libraries\FWlib\src\stm32f10x_sdio.c 0x00000000   Number         0  stm32f10x_sdio.o ABSOLUTE
    ..\..\Libraries\FWlib\src\stm32f10x_spi.c 0x00000000   Number         0  stm32f10x_spi.o ABSOLUTE
    ..\..\Libraries\FWlib\src\stm32f10x_tim.c 0x00000000   Number         0  stm32f10x_tim.o ABSOLUTE
    ..\..\Libraries\FWlib\src\stm32f10x_usart.c 0x00000000   Number         0  stm32f10x_usart.o ABSOLUTE
    ..\..\Libraries\FWlib\src\stm32f10x_wwdg.c 0x00000000   Number         0  stm32f10x_wwdg.o ABSOLUTE
    ..\..\User\main.c                        0x00000000   Number         0  main.o ABSOLUTE
    ..\..\User\stm32f10x_it.c                0x00000000   Number         0  stm32f10x_it.o ABSOLUTE
    ..\\..\\Libraries\\CMSIS\\core_cm3.c     0x00000000   Number         0  core_cm3.o ABSOLUTE
    cdrcmple.s                               0x00000000   Number         0  cdrcmple.o ABSOLUTE
    dc.s                                     0x00000000   Number         0  dc.o ABSOLUTE
    handlers.s                               0x00000000   Number         0  handlers.o ABSOLUTE
    init.s                                   0x00000000   Number         0  init.o ABSOLUTE
    RESET                                    0x08000000   Section      304  startup_stm32f10x_hd.o(RESET)
    .ARM.Collect$$$$00000000                 0x08000130   Section        0  entry.o(.ARM.Collect$$$$00000000)
    .ARM.Collect$$$$00000001                 0x08000130   Section        4  entry2.o(.ARM.Collect$$$$00000001)
    .ARM.Collect$$$$00000004                 0x08000134   Section        4  entry5.o(.ARM.Collect$$$$00000004)
    .ARM.Collect$$$$00000008                 0x08000138   Section        0  entry7b.o(.ARM.Collect$$$$00000008)
    .ARM.Collect$$$$0000000A                 0x08000138   Section        0  entry8b.o(.ARM.Collect$$$$0000000A)
    .ARM.Collect$$$$0000000B                 0x08000138   Section        8  entry9a.o(.ARM.Collect$$$$0000000B)
    .ARM.Collect$$$$0000000D                 0x08000140   Section        0  entry10a.o(.ARM.Collect$$$$0000000D)
    .ARM.Collect$$$$0000000F                 0x08000140   Section        0  entry11a.o(.ARM.Collect$$$$0000000F)
    .ARM.Collect$$$$00002712                 0x08000140   Section        4  entry2.o(.ARM.Collect$$$$00002712)
    __lit__00000000                          0x08000140   Data           4  entry2.o(.ARM.Collect$$$$00002712)
    .text                                    0x08000144   Section       36  startup_stm32f10x_hd.o(.text)
    .text                                    0x08000168   Section        0  system_stm32f10x.o(.text)
    SetSysClockTo72                          0x08000169   Thumb Code   214  system_stm32f10x.o(.text)
    SetSysClock                              0x0800023f   Thumb Code     8  system_stm32f10x.o(.text)
    .text                                    0x08000348   Section        0  misc.o(.text)
    .text                                    0x08000424   Section        0  stm32f10x_adc.o(.text)
    .text                                    0x08000874   Section        0  stm32f10x_gpio.o(.text)
    .text                                    0x08000bd0   Section        0  stm32f10x_iwdg.o(.text)
    .text                                    0x08000c10   Section        0  stm32f10x_rcc.o(.text)
    .text                                    0x08000fb4   Section        0  stm32f10x_tim.o(.text)
    TI4_Config                               0x0800145b   Thumb Code   130  stm32f10x_tim.o(.text)
    TI3_Config                               0x080014ef   Thumb Code   122  stm32f10x_tim.o(.text)
    TI2_Config                               0x08001583   Thumb Code   130  stm32f10x_tim.o(.text)
    TI1_Config                               0x08001617   Thumb Code   108  stm32f10x_tim.o(.text)
    .text                                    0x08001dd0   Section        0  stm32f10x_usart.o(.text)
    .text                                    0x080021d8   Section        0  fat_core.o(.text)
    .text                                    0x080024f8   Section        0  lte_demo.o(.text)
    .text                                    0x08002f7c   Section        0  uart.o(.text)
    .text                                    0x08003268   Section        0  tim.o(.text)
    .text                                    0x08003418   Section        0  gpio.o(.text)
    .text                                    0x08003490   Section        0  lora.o(.text)
    .text                                    0x08003e08   Section        0  adc.o(.text)
    .text                                    0x08004030   Section        0  iwdg.o(.text)
    .text                                    0x0800405c   Section        0  main.o(.text)
    .text                                    0x08004ab8   Section        0  stm32f10x_it.o(.text)
    .text                                    0x08004ad2   Section        0  memcpya.o(.text)
    .text                                    0x08004af6   Section        0  memseta.o(.text)
    .text                                    0x08004b1a   Section        0  strstr.o(.text)
    .text                                    0x08004b3e   Section        0  strncmp.o(.text)
    .text                                    0x08004b5c   Section        0  atoi.o(.text)
    .text                                    0x08004b76   Section        0  dmul.o(.text)
    .text                                    0x08004c5a   Section        0  ddiv.o(.text)
    .text                                    0x08004d38   Section        0  dfixui.o(.text)
    .text                                    0x08004d6a   Section        0  f2d.o(.text)
    .text                                    0x08004d90   Section        0  uidiv.o(.text)
    .text                                    0x08004dbc   Section        0  llushr.o(.text)
    .text                                    0x08004ddc   Section        0  strtol.o(.text)
    .text                                    0x08004e4c   Section        0  depilogue.o(.text)
    .text                                    0x08004e4c   Section        0  iusefp.o(.text)
    .text                                    0x08004f08   Section       36  init.o(.text)
    .text                                    0x08004f2c   Section        0  llshl.o(.text)
    .text                                    0x08004f4c   Section        0  ctype_o.o(.text)
    .text                                    0x08004f54   Section        0  _strtoul.o(.text)
    .text                                    0x08004ff2   Section        0  _chval.o(.text)
    i.__0printf$3                            0x08005010   Section        0  printf3.o(i.__0printf$3)
    i.__aeabi_errno_addr                     0x08005030   Section        0  errno.o(i.__aeabi_errno_addr)
    i.__scatterload_copy                     0x08005038   Section       14  handlers.o(i.__scatterload_copy)
    i.__scatterload_null                     0x08005046   Section        2  handlers.o(i.__scatterload_null)
    i.__scatterload_zeroinit                 0x08005048   Section       14  handlers.o(i.__scatterload_zeroinit)
    i._printf_core                           0x08005058   Section        0  printf3.o(i._printf_core)
    _printf_core                             0x08005059   Thumb Code   436  printf3.o(i._printf_core)
    .constdata                               0x08005210   Section        5  lora.o(.constdata)
    .constdata                               0x08005215   Section      129  ctype_o.o(.constdata)
    .constdata                               0x08005298   Section        4  ctype_o.o(.constdata)
    table                                    0x08005298   Data           4  ctype_o.o(.constdata)
    .conststring                             0x0800529c   Section       67  main.o(.conststring)
    .data                                    0x20000000   Section       20  system_stm32f10x.o(.data)
    .data                                    0x20000014   Section       20  stm32f10x_rcc.o(.data)
    APBAHBPrescTable                         0x20000014   Data          16  stm32f10x_rcc.o(.data)
    ADCPrescTable                            0x20000024   Data           4  stm32f10x_rcc.o(.data)
    .data                                    0x20000028   Section       23  fat_core.o(.data)
    .data                                    0x20000040   Section       12  lte_demo.o(.data)
    .data                                    0x2000004c   Section       13  uart.o(.data)
    .data                                    0x2000005a   Section       18  tim.o(.data)
    .data                                    0x2000006c   Section       55  lora.o(.data)
    wakeBuf                                  0x2000006c   Data           4  lora.o(.data)
    .data                                    0x200000a4   Section        8  adc.o(.data)
    .data                                    0x200000ac   Section        4  errno.o(.data)
    _errno                                   0x200000ac   Data           4  errno.o(.data)
    .bss                                     0x200000b0   Section      128  fat_core.o(.bss)
    .bss                                     0x20000130   Section      280  lte_demo.o(.bss)
    .bss                                     0x20000248   Section       42  uart.o(.bss)
    .bss                                     0x20000272   Section    14222  lora.o(.bss)
    STACK                                    0x20003a00   Section     2048  startup_stm32f10x_hd.o(STACK)

    Global Symbols

    Symbol Name                              Value     Ov Type        Size  Object(Section)

    BuildAttributes$$THM_ISAv4$P$D$K$B$S$PE$A:L22UL41UL21$X:L11$S22US41US21$IEEE1$IW$USESV6$~STKCKD$USESV7$~SHL$OSPACE$ROPI$EBA8$MICROLIB$REQ8$PRES8$EABIv2 0x00000000   Number         0  anon$$obj.o ABSOLUTE
    __ARM_use_no_argv                        0x00000000   Number         0  main.o ABSOLUTE
    __use_no_errno                           0x00000000   Number         0  useno.o ABSOLUTE
    __use_no_exception_handling              0x00000000   Number         0  useno.o ABSOLUTE
    __use_no_fp                              0x00000000   Number         0  useno.o ABSOLUTE
    __use_no_heap                            0x00000000   Number         0  useno.o ABSOLUTE
    __use_no_heap_region                     0x00000000   Number         0  useno.o ABSOLUTE
    __use_no_semihosting                     0x00000000   Number         0  useno.o ABSOLUTE
    __use_no_semihosting_swi                 0x00000000   Number         0  useno.o ABSOLUTE
    __use_no_signal_handling                 0x00000000   Number         0  useno.o ABSOLUTE
    _printf_a                                0x00000000   Number         0  stubs.o ABSOLUTE
    _printf_c                                0x00000000   Number         0  stubs.o ABSOLUTE
    _printf_charcount                        0x00000000   Number         0  stubs.o ABSOLUTE
    _printf_d                                0x00000000   Number         0  stubs.o ABSOLUTE
    _printf_e                                0x00000000   Number         0  stubs.o ABSOLUTE
    _printf_f                                0x00000000   Number         0  stubs.o ABSOLUTE
    _printf_flags                            0x00000000   Number         0  stubs.o ABSOLUTE
    _printf_fp_dec                           0x00000000   Number         0  stubs.o ABSOLUTE
    _printf_fp_hex                           0x00000000   Number         0  stubs.o ABSOLUTE
    _printf_g                                0x00000000   Number         0  stubs.o ABSOLUTE
    _printf_i                                0x00000000   Number         0  stubs.o ABSOLUTE
    _printf_int_dec                          0x00000000   Number         0  stubs.o ABSOLUTE
    _printf_l                                0x00000000   Number         0  stubs.o ABSOLUTE
    _printf_lc                               0x00000000   Number         0  stubs.o ABSOLUTE
    _printf_ll                               0x00000000   Number         0  stubs.o ABSOLUTE
    _printf_lld                              0x00000000   Number         0  stubs.o ABSOLUTE
    _printf_lli                              0x00000000   Number         0  stubs.o ABSOLUTE
    _printf_llo                              0x00000000   Number         0  stubs.o ABSOLUTE
    _printf_llu                              0x00000000   Number         0  stubs.o ABSOLUTE
    _printf_llx                              0x00000000   Number         0  stubs.o ABSOLUTE
    _printf_longlong_dec                     0x00000000   Number         0  stubs.o ABSOLUTE
    _printf_longlong_hex                     0x00000000   Number         0  stubs.o ABSOLUTE
    _printf_longlong_oct                     0x00000000   Number         0  stubs.o ABSOLUTE
    _printf_ls                               0x00000000   Number         0  stubs.o ABSOLUTE
    _printf_mbtowc                           0x00000000   Number         0  stubs.o ABSOLUTE
    _printf_n                                0x00000000   Number         0  stubs.o ABSOLUTE
    _printf_o                                0x00000000   Number         0  stubs.o ABSOLUTE
    _printf_p                                0x00000000   Number         0  stubs.o ABSOLUTE
    _printf_percent                          0x00000000   Number         0  stubs.o ABSOLUTE
    _printf_pre_padding                      0x00000000   Number         0  stubs.o ABSOLUTE
    _printf_return_value                     0x00000000   Number         0  stubs.o ABSOLUTE
    _printf_s                                0x00000000   Number         0  stubs.o ABSOLUTE
    _printf_sizespec                         0x00000000   Number         0  stubs.o ABSOLUTE
    _printf_str                              0x00000000   Number         0  stubs.o ABSOLUTE
    _printf_truncate_signed                  0x00000000   Number         0  stubs.o ABSOLUTE
    _printf_truncate_unsigned                0x00000000   Number         0  stubs.o ABSOLUTE
    _printf_u                                0x00000000   Number         0  stubs.o ABSOLUTE
    _printf_wc                               0x00000000   Number         0  stubs.o ABSOLUTE
    _printf_wctomb                           0x00000000   Number         0  stubs.o ABSOLUTE
    _printf_widthprec                        0x00000000   Number         0  stubs.o ABSOLUTE
    _printf_x                                0x00000000   Number         0  stubs.o ABSOLUTE
    __cpp_initialize__aeabi_                  - Undefined Weak Reference
    __cxa_finalize                            - Undefined Weak Reference
    __decompress                              - Undefined Weak Reference
    _clock_init                               - Undefined Weak Reference
    _microlib_exit                            - Undefined Weak Reference
    __Vectors_Size                           0x00000130   Number         0  startup_stm32f10x_hd.o ABSOLUTE
    __Vectors                                0x08000000   Data           4  startup_stm32f10x_hd.o(RESET)
    __Vectors_End                            0x08000130   Data           0  startup_stm32f10x_hd.o(RESET)
    __main                                   0x08000131   Thumb Code     0  entry.o(.ARM.Collect$$$$00000000)
    _main_stk                                0x08000131   Thumb Code     0  entry2.o(.ARM.Collect$$$$00000001)
    _main_scatterload                        0x08000135   Thumb Code     0  entry5.o(.ARM.Collect$$$$00000004)
    __main_after_scatterload                 0x08000139   Thumb Code     0  entry5.o(.ARM.Collect$$$$00000004)
    _main_clock                              0x08000139   Thumb Code     0  entry7b.o(.ARM.Collect$$$$00000008)
    _main_cpp_init                           0x08000139   Thumb Code     0  entry8b.o(.ARM.Collect$$$$0000000A)
    _main_init                               0x08000139   Thumb Code     0  entry9a.o(.ARM.Collect$$$$0000000B)
    __rt_final_cpp                           0x08000141   Thumb Code     0  entry10a.o(.ARM.Collect$$$$0000000D)
    __rt_final_exit                          0x08000141   Thumb Code     0  entry11a.o(.ARM.Collect$$$$0000000F)
    Reset_Handler                            0x08000145   Thumb Code     8  startup_stm32f10x_hd.o(.text)
    ADC1_2_IRQHandler                        0x0800015f   Thumb Code     0  startup_stm32f10x_hd.o(.text)
    ADC3_IRQHandler                          0x0800015f   Thumb Code     0  startup_stm32f10x_hd.o(.text)
    CAN1_RX1_IRQHandler                      0x0800015f   Thumb Code     0  startup_stm32f10x_hd.o(.text)
    CAN1_SCE_IRQHandler                      0x0800015f   Thumb Code     0  startup_stm32f10x_hd.o(.text)
    DMA1_Channel1_IRQHandler                 0x0800015f   Thumb Code     0  startup_stm32f10x_hd.o(.text)
    DMA1_Channel2_IRQHandler                 0x0800015f   Thumb Code     0  startup_stm32f10x_hd.o(.text)
    DMA1_Channel3_IRQHandler                 0x0800015f   Thumb Code     0  startup_stm32f10x_hd.o(.text)
    DMA1_Channel4_IRQHandler                 0x0800015f   Thumb Code     0  startup_stm32f10x_hd.o(.text)
    DMA1_Channel5_IRQHandler                 0x0800015f   Thumb Code     0  startup_stm32f10x_hd.o(.text)
    DMA1_Channel6_IRQHandler                 0x0800015f   Thumb Code     0  startup_stm32f10x_hd.o(.text)
    DMA1_Channel7_IRQHandler                 0x0800015f   Thumb Code     0  startup_stm32f10x_hd.o(.text)
    DMA2_Channel1_IRQHandler                 0x0800015f   Thumb Code     0  startup_stm32f10x_hd.o(.text)
    DMA2_Channel2_IRQHandler                 0x0800015f   Thumb Code     0  startup_stm32f10x_hd.o(.text)
    DMA2_Channel3_IRQHandler                 0x0800015f   Thumb Code     0  startup_stm32f10x_hd.o(.text)
    DMA2_Channel4_5_IRQHandler               0x0800015f   Thumb Code     0  startup_stm32f10x_hd.o(.text)
    EXTI0_IRQHandler                         0x0800015f   Thumb Code     0  startup_stm32f10x_hd.o(.text)
    EXTI15_10_IRQHandler                     0x0800015f   Thumb Code     0  startup_stm32f10x_hd.o(.text)
    EXTI1_IRQHandler                         0x0800015f   Thumb Code     0  startup_stm32f10x_hd.o(.text)
    EXTI2_IRQHandler                         0x0800015f   Thumb Code     0  startup_stm32f10x_hd.o(.text)
    EXTI3_IRQHandler                         0x0800015f   Thumb Code     0  startup_stm32f10x_hd.o(.text)
    EXTI4_IRQHandler                         0x0800015f   Thumb Code     0  startup_stm32f10x_hd.o(.text)
    EXTI9_5_IRQHandler                       0x0800015f   Thumb Code     0  startup_stm32f10x_hd.o(.text)
    FLASH_IRQHandler                         0x0800015f   Thumb Code     0  startup_stm32f10x_hd.o(.text)
    FSMC_IRQHandler                          0x0800015f   Thumb Code     0  startup_stm32f10x_hd.o(.text)
    I2C1_ER_IRQHandler                       0x0800015f   Thumb Code     0  startup_stm32f10x_hd.o(.text)
    I2C1_EV_IRQHandler                       0x0800015f   Thumb Code     0  startup_stm32f10x_hd.o(.text)
    I2C2_ER_IRQHandler                       0x0800015f   Thumb Code     0  startup_stm32f10x_hd.o(.text)
    I2C2_EV_IRQHandler                       0x0800015f   Thumb Code     0  startup_stm32f10x_hd.o(.text)
    PVD_IRQHandler                           0x0800015f   Thumb Code     0  startup_stm32f10x_hd.o(.text)
    RCC_IRQHandler                           0x0800015f   Thumb Code     0  startup_stm32f10x_hd.o(.text)
    RTCAlarm_IRQHandler                      0x0800015f   Thumb Code     0  startup_stm32f10x_hd.o(.text)
    RTC_IRQHandler                           0x0800015f   Thumb Code     0  startup_stm32f10x_hd.o(.text)
    SDIO_IRQHandler                          0x0800015f   Thumb Code     0  startup_stm32f10x_hd.o(.text)
    SPI1_IRQHandler                          0x0800015f   Thumb Code     0  startup_stm32f10x_hd.o(.text)
    SPI2_IRQHandler                          0x0800015f   Thumb Code     0  startup_stm32f10x_hd.o(.text)
    SPI3_IRQHandler                          0x0800015f   Thumb Code     0  startup_stm32f10x_hd.o(.text)
    TAMPER_IRQHandler                        0x0800015f   Thumb Code     0  startup_stm32f10x_hd.o(.text)
    TIM1_BRK_IRQHandler                      0x0800015f   Thumb Code     0  startup_stm32f10x_hd.o(.text)
    TIM1_CC_IRQHandler                       0x0800015f   Thumb Code     0  startup_stm32f10x_hd.o(.text)
    TIM1_TRG_COM_IRQHandler                  0x0800015f   Thumb Code     0  startup_stm32f10x_hd.o(.text)
    TIM1_UP_IRQHandler                       0x0800015f   Thumb Code     0  startup_stm32f10x_hd.o(.text)
    TIM4_IRQHandler                          0x0800015f   Thumb Code     0  startup_stm32f10x_hd.o(.text)
    TIM5_IRQHandler                          0x0800015f   Thumb Code     0  startup_stm32f10x_hd.o(.text)
    TIM6_IRQHandler                          0x0800015f   Thumb Code     0  startup_stm32f10x_hd.o(.text)
    TIM7_IRQHandler                          0x0800015f   Thumb Code     0  startup_stm32f10x_hd.o(.text)
    TIM8_BRK_IRQHandler                      0x0800015f   Thumb Code     0  startup_stm32f10x_hd.o(.text)
    TIM8_CC_IRQHandler                       0x0800015f   Thumb Code     0  startup_stm32f10x_hd.o(.text)
    TIM8_TRG_COM_IRQHandler                  0x0800015f   Thumb Code     0  startup_stm32f10x_hd.o(.text)
    TIM8_UP_IRQHandler                       0x0800015f   Thumb Code     0  startup_stm32f10x_hd.o(.text)
    UART4_IRQHandler                         0x0800015f   Thumb Code     0  startup_stm32f10x_hd.o(.text)
    UART5_IRQHandler                         0x0800015f   Thumb Code     0  startup_stm32f10x_hd.o(.text)
    USART3_IRQHandler                        0x0800015f   Thumb Code     0  startup_stm32f10x_hd.o(.text)
    USBWakeUp_IRQHandler                     0x0800015f   Thumb Code     0  startup_stm32f10x_hd.o(.text)
    USB_HP_CAN1_TX_IRQHandler                0x0800015f   Thumb Code     0  startup_stm32f10x_hd.o(.text)
    USB_LP_CAN1_RX0_IRQHandler               0x0800015f   Thumb Code     0  startup_stm32f10x_hd.o(.text)
    WWDG_IRQHandler                          0x0800015f   Thumb Code     0  startup_stm32f10x_hd.o(.text)
    SystemInit                               0x08000247   Thumb Code    78  system_stm32f10x.o(.text)
    SystemCoreClockUpdate                    0x08000295   Thumb Code   142  system_stm32f10x.o(.text)
    NVIC_PriorityGroupConfig                 0x08000349   Thumb Code    10  misc.o(.text)
    NVIC_Init                                0x08000353   Thumb Code   100  misc.o(.text)
    NVIC_SetVectorTable                      0x080003b7   Thumb Code    14  misc.o(.text)
    NVIC_SystemLPConfig                      0x080003c5   Thumb Code    34  misc.o(.text)
    SysTick_CLKSourceConfig                  0x080003e7   Thumb Code    40  misc.o(.text)
    ADC_DeInit                               0x08000425   Thumb Code    78  stm32f10x_adc.o(.text)
    ADC_Init                                 0x08000473   Thumb Code    70  stm32f10x_adc.o(.text)
    ADC_StructInit                           0x080004b9   Thumb Code    18  stm32f10x_adc.o(.text)
    ADC_Cmd                                  0x080004cb   Thumb Code    22  stm32f10x_adc.o(.text)
    ADC_DMACmd                               0x080004e1   Thumb Code    22  stm32f10x_adc.o(.text)
    ADC_ITConfig                             0x080004f7   Thumb Code    24  stm32f10x_adc.o(.text)
    ADC_ResetCalibration                     0x0800050f   Thumb Code    10  stm32f10x_adc.o(.text)
    ADC_GetResetCalibrationStatus            0x08000519   Thumb Code    20  stm32f10x_adc.o(.text)
    ADC_StartCalibration                     0x0800052d   Thumb Code    10  stm32f10x_adc.o(.text)
    ADC_GetCalibrationStatus                 0x08000537   Thumb Code    20  stm32f10x_adc.o(.text)
    ADC_SoftwareStartConvCmd                 0x0800054b   Thumb Code    22  stm32f10x_adc.o(.text)
    ADC_GetSoftwareStartConvStatus           0x08000561   Thumb Code    20  stm32f10x_adc.o(.text)
    ADC_DiscModeChannelCountConfig           0x08000575   Thumb Code    24  stm32f10x_adc.o(.text)
    ADC_DiscModeCmd                          0x0800058d   Thumb Code    22  stm32f10x_adc.o(.text)
    ADC_RegularChannelConfig                 0x080005a3   Thumb Code   184  stm32f10x_adc.o(.text)
    ADC_ExternalTrigConvCmd                  0x0800065b   Thumb Code    22  stm32f10x_adc.o(.text)
    ADC_GetConversionValue                   0x08000671   Thumb Code     8  stm32f10x_adc.o(.text)
    ADC_GetDualModeConversionValue           0x08000679   Thumb Code     8  stm32f10x_adc.o(.text)
    ADC_AutoInjectedConvCmd                  0x08000681   Thumb Code    22  stm32f10x_adc.o(.text)
    ADC_InjectedDiscModeCmd                  0x08000697   Thumb Code    22  stm32f10x_adc.o(.text)
    ADC_ExternalTrigInjectedConvConfig       0x080006ad   Thumb Code    16  stm32f10x_adc.o(.text)
    ADC_ExternalTrigInjectedConvCmd          0x080006bd   Thumb Code    22  stm32f10x_adc.o(.text)
    ADC_SoftwareStartInjectedConvCmd         0x080006d3   Thumb Code    22  stm32f10x_adc.o(.text)
    ADC_GetSoftwareStartInjectedConvCmdStatus 0x080006e9   Thumb Code    20  stm32f10x_adc.o(.text)
    ADC_InjectedChannelConfig                0x080006fd   Thumb Code   130  stm32f10x_adc.o(.text)
    ADC_InjectedSequencerLengthConfig        0x0800077f   Thumb Code    24  stm32f10x_adc.o(.text)
    ADC_SetInjectedOffset                    0x08000797   Thumb Code    20  stm32f10x_adc.o(.text)
    ADC_GetInjectedConversionValue           0x080007ab   Thumb Code    28  stm32f10x_adc.o(.text)
    ADC_AnalogWatchdogCmd                    0x080007c7   Thumb Code    16  stm32f10x_adc.o(.text)
    ADC_AnalogWatchdogThresholdsConfig       0x080007d7   Thumb Code     6  stm32f10x_adc.o(.text)
    ADC_AnalogWatchdogSingleChannelConfig    0x080007dd   Thumb Code    16  stm32f10x_adc.o(.text)
    ADC_TempSensorVrefintCmd                 0x080007ed   Thumb Code    64  stm32f10x_adc.o(.text)
    ADC_GetFlagStatus                        0x0800082d   Thumb Code    18  stm32f10x_adc.o(.text)
    ADC_ClearFlag                            0x0800083f   Thumb Code     6  stm32f10x_adc.o(.text)
    ADC_GetITStatus                          0x08000845   Thumb Code    36  stm32f10x_adc.o(.text)
    ADC_ClearITPendingBit                    0x08000869   Thumb Code    10  stm32f10x_adc.o(.text)
    GPIO_DeInit                              0x08000875   Thumb Code   172  stm32f10x_gpio.o(.text)
    GPIO_AFIODeInit                          0x08000921   Thumb Code    20  stm32f10x_gpio.o(.text)
    GPIO_Init                                0x08000935   Thumb Code   278  stm32f10x_gpio.o(.text)
    GPIO_StructInit                          0x08000a4b   Thumb Code    16  stm32f10x_gpio.o(.text)
    GPIO_ReadInputDataBit                    0x08000a5b   Thumb Code    18  stm32f10x_gpio.o(.text)
    GPIO_ReadInputData                       0x08000a6d   Thumb Code     8  stm32f10x_gpio.o(.text)
    GPIO_ReadOutputDataBit                   0x08000a75   Thumb Code    18  stm32f10x_gpio.o(.text)
    GPIO_ReadOutputData                      0x08000a87   Thumb Code     8  stm32f10x_gpio.o(.text)
    GPIO_SetBits                             0x08000a8f   Thumb Code     4  stm32f10x_gpio.o(.text)
    GPIO_ResetBits                           0x08000a93   Thumb Code     4  stm32f10x_gpio.o(.text)
    GPIO_WriteBit                            0x08000a97   Thumb Code    10  stm32f10x_gpio.o(.text)
    GPIO_Write                               0x08000aa1   Thumb Code     4  stm32f10x_gpio.o(.text)
    GPIO_PinLockConfig                       0x08000aa5   Thumb Code    18  stm32f10x_gpio.o(.text)
    GPIO_EventOutputConfig                   0x08000ab7   Thumb Code    26  stm32f10x_gpio.o(.text)
    GPIO_EventOutputCmd                      0x08000ad1   Thumb Code     6  stm32f10x_gpio.o(.text)
    GPIO_PinRemapConfig                      0x08000ad7   Thumb Code   138  stm32f10x_gpio.o(.text)
    GPIO_EXTILineConfig                      0x08000b61   Thumb Code    66  stm32f10x_gpio.o(.text)
    GPIO_ETH_MediaInterfaceConfig            0x08000ba3   Thumb Code     8  stm32f10x_gpio.o(.text)
    IWDG_WriteAccessCmd                      0x08000bd1   Thumb Code     6  stm32f10x_iwdg.o(.text)
    IWDG_SetPrescaler                        0x08000bd7   Thumb Code     6  stm32f10x_iwdg.o(.text)
    IWDG_SetReload                           0x08000bdd   Thumb Code     6  stm32f10x_iwdg.o(.text)
    IWDG_ReloadCounter                       0x08000be3   Thumb Code    10  stm32f10x_iwdg.o(.text)
    IWDG_Enable                              0x08000bed   Thumb Code    10  stm32f10x_iwdg.o(.text)
    IWDG_GetFlagStatus                       0x08000bf7   Thumb Code    20  stm32f10x_iwdg.o(.text)
    RCC_DeInit                               0x08000c11   Thumb Code    64  stm32f10x_rcc.o(.text)
    RCC_HSEConfig                            0x08000c51   Thumb Code    70  stm32f10x_rcc.o(.text)
    RCC_GetFlagStatus                        0x08000c97   Thumb Code    56  stm32f10x_rcc.o(.text)
    RCC_WaitForHSEStartUp                    0x08000ccf   Thumb Code    56  stm32f10x_rcc.o(.text)
    RCC_AdjustHSICalibrationValue            0x08000d07   Thumb Code    20  stm32f10x_rcc.o(.text)
    RCC_HSICmd                               0x08000d1b   Thumb Code     6  stm32f10x_rcc.o(.text)
    RCC_PLLConfig                            0x08000d21   Thumb Code    24  stm32f10x_rcc.o(.text)
    RCC_PLLCmd                               0x08000d39   Thumb Code     6  stm32f10x_rcc.o(.text)
    RCC_SYSCLKConfig                         0x08000d3f   Thumb Code    18  stm32f10x_rcc.o(.text)
    RCC_GetSYSCLKSource                      0x08000d51   Thumb Code    10  stm32f10x_rcc.o(.text)
    RCC_HCLKConfig                           0x08000d5b   Thumb Code    18  stm32f10x_rcc.o(.text)
    RCC_PCLK1Config                          0x08000d6d   Thumb Code    18  stm32f10x_rcc.o(.text)
    RCC_PCLK2Config                          0x08000d7f   Thumb Code    20  stm32f10x_rcc.o(.text)
    RCC_ITConfig                             0x08000d93   Thumb Code    26  stm32f10x_rcc.o(.text)
    RCC_USBCLKConfig                         0x08000dad   Thumb Code     8  stm32f10x_rcc.o(.text)
    RCC_ADCCLKConfig                         0x08000db5   Thumb Code    18  stm32f10x_rcc.o(.text)
    RCC_LSEConfig                            0x08000dc7   Thumb Code    50  stm32f10x_rcc.o(.text)
    RCC_LSICmd                               0x08000df9   Thumb Code     6  stm32f10x_rcc.o(.text)
    RCC_RTCCLKConfig                         0x08000dff   Thumb Code    12  stm32f10x_rcc.o(.text)
    RCC_RTCCLKCmd                            0x08000e0b   Thumb Code     8  stm32f10x_rcc.o(.text)
    RCC_GetClocksFreq                        0x08000e13   Thumb Code   192  stm32f10x_rcc.o(.text)
    RCC_AHBPeriphClockCmd                    0x08000ed3   Thumb Code    26  stm32f10x_rcc.o(.text)
    RCC_APB2PeriphClockCmd                   0x08000eed   Thumb Code    26  stm32f10x_rcc.o(.text)
    RCC_APB1PeriphClockCmd                   0x08000f07   Thumb Code    26  stm32f10x_rcc.o(.text)
    RCC_APB2PeriphResetCmd                   0x08000f21   Thumb Code    26  stm32f10x_rcc.o(.text)
    RCC_APB1PeriphResetCmd                   0x08000f3b   Thumb Code    26  stm32f10x_rcc.o(.text)
    RCC_BackupResetCmd                       0x08000f55   Thumb Code     8  stm32f10x_rcc.o(.text)
    RCC_ClockSecuritySystemCmd               0x08000f5d   Thumb Code     6  stm32f10x_rcc.o(.text)
    RCC_MCOConfig                            0x08000f63   Thumb Code     6  stm32f10x_rcc.o(.text)
    RCC_ClearFlag                            0x08000f69   Thumb Code    14  stm32f10x_rcc.o(.text)
    RCC_GetITStatus                          0x08000f77   Thumb Code    20  stm32f10x_rcc.o(.text)
    RCC_ClearITPendingBit                    0x08000f8b   Thumb Code     6  stm32f10x_rcc.o(.text)
    TIM_DeInit                               0x08000fb5   Thumb Code   424  stm32f10x_tim.o(.text)
    TIM_TimeBaseInit                         0x0800115d   Thumb Code   122  stm32f10x_tim.o(.text)
    TIM_OC1Init                              0x080011d7   Thumb Code   132  stm32f10x_tim.o(.text)
    TIM_OC2Init                              0x0800125b   Thumb Code   154  stm32f10x_tim.o(.text)
    TIM_OC3Init                              0x080012f5   Thumb Code   150  stm32f10x_tim.o(.text)
    TIM_OC4Init                              0x0800138b   Thumb Code   182  stm32f10x_tim.o(.text)
    TIM_SetIC4Prescaler                      0x08001441   Thumb Code    26  stm32f10x_tim.o(.text)
    TIM_SetIC3Prescaler                      0x080014dd   Thumb Code    18  stm32f10x_tim.o(.text)
    TIM_SetIC2Prescaler                      0x08001569   Thumb Code    26  stm32f10x_tim.o(.text)
    TIM_SetIC1Prescaler                      0x08001605   Thumb Code    18  stm32f10x_tim.o(.text)
    TIM_ICInit                               0x08001683   Thumb Code   150  stm32f10x_tim.o(.text)
    TIM_PWMIConfig                           0x08001719   Thumb Code   124  stm32f10x_tim.o(.text)
    TIM_BDTRConfig                           0x08001795   Thumb Code    32  stm32f10x_tim.o(.text)
    TIM_TimeBaseStructInit                   0x080017b5   Thumb Code    18  stm32f10x_tim.o(.text)
    TIM_OCStructInit                         0x080017c7   Thumb Code    20  stm32f10x_tim.o(.text)
    TIM_ICStructInit                         0x080017db   Thumb Code    18  stm32f10x_tim.o(.text)
    TIM_BDTRStructInit                       0x080017ed   Thumb Code    40  stm32f10x_tim.o(.text)
    TIM_Cmd                                  0x08001815   Thumb Code    24  stm32f10x_tim.o(.text)
    TIM_CtrlPWMOutputs                       0x0800182d   Thumb Code    30  stm32f10x_tim.o(.text)
    TIM_ITConfig                             0x0800184b   Thumb Code    18  stm32f10x_tim.o(.text)
    TIM_GenerateEvent                        0x0800185d   Thumb Code     4  stm32f10x_tim.o(.text)
    TIM_DMAConfig                            0x08001861   Thumb Code    10  stm32f10x_tim.o(.text)
    TIM_DMACmd                               0x0800186b   Thumb Code    18  stm32f10x_tim.o(.text)
    TIM_InternalClockConfig                  0x0800187d   Thumb Code    12  stm32f10x_tim.o(.text)
    TIM_SelectInputTrigger                   0x08001889   Thumb Code    18  stm32f10x_tim.o(.text)
    TIM_ITRxExternalClockConfig              0x0800189b   Thumb Code    24  stm32f10x_tim.o(.text)
    TIM_TIxExternalClockConfig               0x080018b3   Thumb Code    62  stm32f10x_tim.o(.text)
    TIM_ETRConfig                            0x080018f1   Thumb Code    28  stm32f10x_tim.o(.text)
    TIM_ETRClockMode1Config                  0x0800190d   Thumb Code    54  stm32f10x_tim.o(.text)
    TIM_ETRClockMode2Config                  0x08001943   Thumb Code    32  stm32f10x_tim.o(.text)
    TIM_PrescalerConfig                      0x08001963   Thumb Code     6  stm32f10x_tim.o(.text)
    TIM_CounterModeConfig                    0x08001969   Thumb Code    18  stm32f10x_tim.o(.text)
    TIM_EncoderInterfaceConfig               0x0800197b   Thumb Code    66  stm32f10x_tim.o(.text)
    TIM_ForcedOC1Config                      0x080019bd   Thumb Code    18  stm32f10x_tim.o(.text)
    TIM_ForcedOC2Config                      0x080019cf   Thumb Code    26  stm32f10x_tim.o(.text)
    TIM_ForcedOC3Config                      0x080019e9   Thumb Code    18  stm32f10x_tim.o(.text)
    TIM_ForcedOC4Config                      0x080019fb   Thumb Code    26  stm32f10x_tim.o(.text)
    TIM_ARRPreloadConfig                     0x08001a15   Thumb Code    24  stm32f10x_tim.o(.text)
    TIM_SelectCOM                            0x08001a2d   Thumb Code    24  stm32f10x_tim.o(.text)
    TIM_SelectCCDMA                          0x08001a45   Thumb Code    24  stm32f10x_tim.o(.text)
    TIM_CCPreloadControl                     0x08001a5d   Thumb Code    24  stm32f10x_tim.o(.text)
    TIM_OC1PreloadConfig                     0x08001a75   Thumb Code    18  stm32f10x_tim.o(.text)
    TIM_OC2PreloadConfig                     0x08001a87   Thumb Code    26  stm32f10x_tim.o(.text)
    TIM_OC3PreloadConfig                     0x08001aa1   Thumb Code    18  stm32f10x_tim.o(.text)
    TIM_OC4PreloadConfig                     0x08001ab3   Thumb Code    26  stm32f10x_tim.o(.text)
    TIM_OC1FastConfig                        0x08001acd   Thumb Code    18  stm32f10x_tim.o(.text)
    TIM_OC2FastConfig                        0x08001adf   Thumb Code    26  stm32f10x_tim.o(.text)
    TIM_OC3FastConfig                        0x08001af9   Thumb Code    18  stm32f10x_tim.o(.text)
    TIM_OC4FastConfig                        0x08001b0b   Thumb Code    26  stm32f10x_tim.o(.text)
    TIM_ClearOC1Ref                          0x08001b25   Thumb Code    18  stm32f10x_tim.o(.text)
    TIM_ClearOC2Ref                          0x08001b37   Thumb Code    24  stm32f10x_tim.o(.text)
    TIM_ClearOC3Ref                          0x08001b4f   Thumb Code    18  stm32f10x_tim.o(.text)
    TIM_ClearOC4Ref                          0x08001b61   Thumb Code    24  stm32f10x_tim.o(.text)
    TIM_OC1PolarityConfig                    0x08001b79   Thumb Code    18  stm32f10x_tim.o(.text)
    TIM_OC1NPolarityConfig                   0x08001b8b   Thumb Code    18  stm32f10x_tim.o(.text)
    TIM_OC2PolarityConfig                    0x08001b9d   Thumb Code    26  stm32f10x_tim.o(.text)
    TIM_OC2NPolarityConfig                   0x08001bb7   Thumb Code    26  stm32f10x_tim.o(.text)
    TIM_OC3PolarityConfig                    0x08001bd1   Thumb Code    26  stm32f10x_tim.o(.text)
    TIM_OC3NPolarityConfig                   0x08001beb   Thumb Code    26  stm32f10x_tim.o(.text)
    TIM_OC4PolarityConfig                    0x08001c05   Thumb Code    26  stm32f10x_tim.o(.text)
    TIM_CCxCmd                               0x08001c1f   Thumb Code    30  stm32f10x_tim.o(.text)
    TIM_CCxNCmd                              0x08001c3d   Thumb Code    30  stm32f10x_tim.o(.text)
    TIM_SelectOCxM                           0x08001c5b   Thumb Code    82  stm32f10x_tim.o(.text)
    TIM_UpdateDisableConfig                  0x08001cad   Thumb Code    24  stm32f10x_tim.o(.text)
    TIM_UpdateRequestConfig                  0x08001cc5   Thumb Code    24  stm32f10x_tim.o(.text)
    TIM_SelectHallSensor                     0x08001cdd   Thumb Code    24  stm32f10x_tim.o(.text)
    TIM_SelectOnePulseMode                   0x08001cf5   Thumb Code    18  stm32f10x_tim.o(.text)
    TIM_SelectOutputTrigger                  0x08001d07   Thumb Code    18  stm32f10x_tim.o(.text)
    TIM_SelectSlaveMode                      0x08001d19   Thumb Code    18  stm32f10x_tim.o(.text)
    TIM_SelectMasterSlaveMode                0x08001d2b   Thumb Code    18  stm32f10x_tim.o(.text)
    TIM_SetCounter                           0x08001d3d   Thumb Code     4  stm32f10x_tim.o(.text)
    TIM_SetAutoreload                        0x08001d41   Thumb Code     4  stm32f10x_tim.o(.text)
    TIM_SetCompare1                          0x08001d45   Thumb Code     4  stm32f10x_tim.o(.text)
    TIM_SetCompare2                          0x08001d49   Thumb Code     4  stm32f10x_tim.o(.text)
    TIM_SetCompare3                          0x08001d4d   Thumb Code     4  stm32f10x_tim.o(.text)
    TIM_SetCompare4                          0x08001d51   Thumb Code     6  stm32f10x_tim.o(.text)
    TIM_SetClockDivision                     0x08001d57   Thumb Code    18  stm32f10x_tim.o(.text)
    TIM_GetCapture1                          0x08001d69   Thumb Code     6  stm32f10x_tim.o(.text)
    TIM_GetCapture2                          0x08001d6f   Thumb Code     6  stm32f10x_tim.o(.text)
    TIM_GetCapture3                          0x08001d75   Thumb Code     6  stm32f10x_tim.o(.text)
    TIM_GetCapture4                          0x08001d7b   Thumb Code     8  stm32f10x_tim.o(.text)
    TIM_GetCounter                           0x08001d83   Thumb Code     6  stm32f10x_tim.o(.text)
    TIM_GetPrescaler                         0x08001d89   Thumb Code     6  stm32f10x_tim.o(.text)
    TIM_GetFlagStatus                        0x08001d8f   Thumb Code    18  stm32f10x_tim.o(.text)
    TIM_ClearFlag                            0x08001da1   Thumb Code     6  stm32f10x_tim.o(.text)
    TIM_GetITStatus                          0x08001da7   Thumb Code    34  stm32f10x_tim.o(.text)
    TIM_ClearITPendingBit                    0x08001dc9   Thumb Code     6  stm32f10x_tim.o(.text)
    USART_DeInit                             0x08001dd1   Thumb Code   134  stm32f10x_usart.o(.text)
    USART_Init                               0x08001e57   Thumb Code   210  stm32f10x_usart.o(.text)
    USART_StructInit                         0x08001f29   Thumb Code    24  stm32f10x_usart.o(.text)
    USART_ClockInit                          0x08001f41   Thumb Code    34  stm32f10x_usart.o(.text)
    USART_ClockStructInit                    0x08001f63   Thumb Code    12  stm32f10x_usart.o(.text)
    USART_Cmd                                0x08001f6f   Thumb Code    24  stm32f10x_usart.o(.text)
    USART_ITConfig                           0x08001f87   Thumb Code    74  stm32f10x_usart.o(.text)
    USART_DMACmd                             0x08001fd1   Thumb Code    18  stm32f10x_usart.o(.text)
    USART_SetAddress                         0x08001fe3   Thumb Code    18  stm32f10x_usart.o(.text)
    USART_WakeUpConfig                       0x08001ff5   Thumb Code    18  stm32f10x_usart.o(.text)
    USART_ReceiverWakeUpCmd                  0x08002007   Thumb Code    24  stm32f10x_usart.o(.text)
    USART_LINBreakDetectLengthConfig         0x0800201f   Thumb Code    18  stm32f10x_usart.o(.text)
    USART_LINCmd                             0x08002031   Thumb Code    24  stm32f10x_usart.o(.text)
    USART_SendData                           0x08002049   Thumb Code     8  stm32f10x_usart.o(.text)
    USART_ReceiveData                        0x08002051   Thumb Code    10  stm32f10x_usart.o(.text)
    USART_SendBreak                          0x0800205b   Thumb Code    10  stm32f10x_usart.o(.text)
    USART_SetGuardTime                       0x08002065   Thumb Code    16  stm32f10x_usart.o(.text)
    USART_SetPrescaler                       0x08002075   Thumb Code    16  stm32f10x_usart.o(.text)
    USART_SmartCardCmd                       0x08002085   Thumb Code    24  stm32f10x_usart.o(.text)
    USART_SmartCardNACKCmd                   0x0800209d   Thumb Code    24  stm32f10x_usart.o(.text)
    USART_HalfDuplexCmd                      0x080020b5   Thumb Code    24  stm32f10x_usart.o(.text)
    USART_OverSampling8Cmd                   0x080020cd   Thumb Code    22  stm32f10x_usart.o(.text)
    USART_OneBitMethodCmd                    0x080020e3   Thumb Code    24  stm32f10x_usart.o(.text)
    USART_IrDAConfig                         0x080020fb   Thumb Code    18  stm32f10x_usart.o(.text)
    USART_IrDACmd                            0x0800210d   Thumb Code    24  stm32f10x_usart.o(.text)
    USART_GetFlagStatus                      0x08002125   Thumb Code    26  stm32f10x_usart.o(.text)
    USART_ClearFlag                          0x0800213f   Thumb Code    18  stm32f10x_usart.o(.text)
    USART_GetITStatus                        0x08002151   Thumb Code    84  stm32f10x_usart.o(.text)
    USART_ClearITPendingBit                  0x080021a5   Thumb Code    52  stm32f10x_usart.o(.text)
    fat_uart_send_byte                       0x080021d9   Thumb Code     2  fat_core.o(.text)
    fat_uart_send_str                        0x080021db   Thumb Code    24  fat_core.o(.text)
    fat_uart_send_buf                        0x080021f3   Thumb Code    26  fat_core.o(.text)
    reg_fat_uart_send_byte                   0x0800220d   Thumb Code     8  fat_core.o(.text)
    fat_uart_recv_proc                       0x08002215   Thumb Code    38  fat_core.o(.text)
    fat_uart_clean                           0x0800223b   Thumb Code    22  fat_core.o(.text)
    fat_tim_proc                             0x08002251   Thumb Code    88  fat_core.o(.text)
    fat_send_wait_cmdres_blocking            0x080022a9   Thumb Code    74  fat_core.o(.text)
    fat_send_wait_cmdres_nonblocking         0x080022f3   Thumb Code    80  fat_core.o(.text)
    fat_send_wait_ctrl_blocking              0x08002343   Thumb Code    80  fat_core.o(.text)
    fat_send_wake_blocking                   0x08002393   Thumb Code    82  fat_core.o(.text)
    fat_delay                                0x080023e5   Thumb Code    24  fat_core.o(.text)
    wait_timeout                             0x080023fd   Thumb Code    52  fat_core.o(.text)
    rev_send                                 0x08002431   Thumb Code    76  fat_core.o(.text)
    fat_cmdres_keyword_matching              0x0800247d   Thumb Code    42  fat_core.o(.text)
    module_reset                             0x080024f9   Thumb Code    72  lte_demo.o(.text)
    match_csq                                0x08002541   Thumb Code   106  lte_demo.o(.text)
    module_is_ready                          0x080025ab   Thumb Code   364  lte_demo.o(.text)
    module_connet_parm_init                  0x08002717   Thumb Code   698  lte_demo.o(.text)
    module_data                              0x080029d1   Thumb Code   226  lte_demo.o(.text)
    module_flightmode                        0x08002ab3   Thumb Code   250  lte_demo.o(.text)
    module_UDP                               0x08002bad   Thumb Code   918  lte_demo.o(.text)
    _sys_exit                                0x08002f7d   Thumb Code     4  uart.o(.text)
    fputc                                    0x08002f81   Thumb Code    24  uart.o(.text)
    uart1_init                               0x08002f99   Thumb Code   160  uart.o(.text)
    uart2_init                               0x08003039   Thumb Code   158  uart.o(.text)
    uart3_init                               0x080030d7   Thumb Code   132  uart.o(.text)
    uart1_send_byte                          0x0800315b   Thumb Code    28  uart.o(.text)
    uart1_send_longbyte                      0x08003177   Thumb Code    24  uart.o(.text)
    USART_SendString                         0x0800318f   Thumb Code    42  uart.o(.text)
    uart2_send_byte                          0x080031b9   Thumb Code    28  uart.o(.text)
    uart2_send_longbyte                      0x080031d5   Thumb Code    24  uart.o(.text)
    uart3_send_byte                          0x080031ed   Thumb Code    28  uart.o(.text)
    uart3_send_longbyte                      0x08003209   Thumb Code    24  uart.o(.text)
    USART2_IRQHandler                        0x08003221   Thumb Code    50  uart.o(.text)
    tim2_init                                0x08003269   Thumb Code   116  tim.o(.text)
    TIM3_Int_Init                            0x080032dd   Thumb Code    90  tim.o(.text)
    TIM2_IRQHandler                          0x08003337   Thumb Code    26  tim.o(.text)
    TIM3_IRQHandler                          0x08003351   Thumb Code   150  tim.o(.text)
    pen_gpio_init                            0x08003419   Thumb Code   110  gpio.o(.text)
    LoRaSendWork                             0x08003491   Thumb Code   108  lora.o(.text)
    LoRaSendAck                              0x080034fd   Thumb Code    80  lora.o(.text)
    print_LoRa_env                           0x0800354d   Thumb Code   184  lora.o(.text)
    LoRaInit                                 0x08003605   Thumb Code   366  lora.o(.text)
    USART1_IRQHandler                        0x08003773   Thumb Code  1570  lora.o(.text)
    Adc_Init                                 0x08003e09   Thumb Code   242  adc.o(.text)
    T_Get_Adc                                0x08003efb   Thumb Code    46  adc.o(.text)
    T_Get_Temp                               0x08003f29   Thumb Code    42  adc.o(.text)
    T_Get_Adc_Average                        0x08003f53   Thumb Code    46  adc.o(.text)
    Get_Adc2                                 0x08003f81   Thumb Code    46  adc.o(.text)
    Get_Adc2_Average                         0x08003faf   Thumb Code    46  adc.o(.text)
    Watch_BAT                                0x08003fdd   Thumb Code    64  adc.o(.text)
    IWDG_Init                                0x08004031   Thumb Code    36  iwdg.o(.text)
    IWDG_Feed                                0x08004055   Thumb Code     8  iwdg.o(.text)
    main                                     0x0800405d   Thumb Code  2522  main.o(.text)
    NMI_Handler                              0x08004ab9   Thumb Code     2  stm32f10x_it.o(.text)
    HardFault_Handler                        0x08004abb   Thumb Code     4  stm32f10x_it.o(.text)
    MemManage_Handler                        0x08004abf   Thumb Code     4  stm32f10x_it.o(.text)
    BusFault_Handler                         0x08004ac3   Thumb Code     4  stm32f10x_it.o(.text)
    UsageFault_Handler                       0x08004ac7   Thumb Code     4  stm32f10x_it.o(.text)
    SVC_Handler                              0x08004acb   Thumb Code     2  stm32f10x_it.o(.text)
    DebugMon_Handler                         0x08004acd   Thumb Code     2  stm32f10x_it.o(.text)
    PendSV_Handler                           0x08004acf   Thumb Code     2  stm32f10x_it.o(.text)
    SysTick_Handler                          0x08004ad1   Thumb Code     2  stm32f10x_it.o(.text)
    __aeabi_memcpy                           0x08004ad3   Thumb Code    36  memcpya.o(.text)
    __aeabi_memcpy4                          0x08004ad3   Thumb Code     0  memcpya.o(.text)
    __aeabi_memcpy8                          0x08004ad3   Thumb Code     0  memcpya.o(.text)
    __aeabi_memset                           0x08004af7   Thumb Code    14  memseta.o(.text)
    __aeabi_memset4                          0x08004af7   Thumb Code     0  memseta.o(.text)
    __aeabi_memset8                          0x08004af7   Thumb Code     0  memseta.o(.text)
    __aeabi_memclr                           0x08004b05   Thumb Code     4  memseta.o(.text)
    __aeabi_memclr4                          0x08004b05   Thumb Code     0  memseta.o(.text)
    __aeabi_memclr8                          0x08004b05   Thumb Code     0  memseta.o(.text)
    _memset$wrapper                          0x08004b09   Thumb Code    18  memseta.o(.text)
    strstr                                   0x08004b1b   Thumb Code    36  strstr.o(.text)
    strncmp                                  0x08004b3f   Thumb Code    30  strncmp.o(.text)
    atoi                                     0x08004b5d   Thumb Code    26  atoi.o(.text)
    __aeabi_dmul                             0x08004b77   Thumb Code   228  dmul.o(.text)
    __aeabi_ddiv                             0x08004c5b   Thumb Code   222  ddiv.o(.text)
    __aeabi_d2uiz                            0x08004d39   Thumb Code    50  dfixui.o(.text)
    __aeabi_f2d                              0x08004d6b   Thumb Code    38  f2d.o(.text)
    __aeabi_uidiv                            0x08004d91   Thumb Code     0  uidiv.o(.text)
    __aeabi_uidivmod                         0x08004d91   Thumb Code    44  uidiv.o(.text)
    __aeabi_llsr                             0x08004dbd   Thumb Code    32  llushr.o(.text)
    _ll_ushift_r                             0x08004dbd   Thumb Code     0  llushr.o(.text)
    strtol                                   0x08004ddd   Thumb Code   112  strtol.o(.text)
    __I$use$fp                               0x08004e4d   Thumb Code     0  iusefp.o(.text)
    _double_round                            0x08004e4d   Thumb Code    30  depilogue.o(.text)
    _double_epilogue                         0x08004e6b   Thumb Code   156  depilogue.o(.text)
    __scatterload                            0x08004f09   Thumb Code    28  init.o(.text)
    __scatterload_rt2                        0x08004f09   Thumb Code     0  init.o(.text)
    __aeabi_llsl                             0x08004f2d   Thumb Code    30  llshl.o(.text)
    _ll_shift_l                              0x08004f2d   Thumb Code     0  llshl.o(.text)
    __rt_ctype_table                         0x08004f4d   Thumb Code     4  ctype_o.o(.text)
    _strtoul                                 0x08004f55   Thumb Code   158  _strtoul.o(.text)
    _chval                                   0x08004ff3   Thumb Code    28  _chval.o(.text)
    __0printf$3                              0x08005011   Thumb Code    22  printf3.o(i.__0printf$3)
    __1printf$3                              0x08005011   Thumb Code     0  printf3.o(i.__0printf$3)
    __2printf                                0x08005011   Thumb Code     0  printf3.o(i.__0printf$3)
    __aeabi_errno_addr                       0x08005031   Thumb Code     4  errno.o(i.__aeabi_errno_addr)
    __rt_errno_addr                          0x08005031   Thumb Code     0  errno.o(i.__aeabi_errno_addr)
    __scatterload_copy                       0x08005039   Thumb Code    14  handlers.o(i.__scatterload_copy)
    __scatterload_null                       0x08005047   Thumb Code     2  handlers.o(i.__scatterload_null)
    __scatterload_zeroinit                   0x08005049   Thumb Code    14  handlers.o(i.__scatterload_zeroinit)
    __ctype_table                            0x08005215   Data         129  ctype_o.o(.constdata)
    Region$$Table$$Base                      0x080052e0   Number         0  anon$$obj.o(Region$$Table)
    Region$$Table$$Limit                     0x08005300   Number         0  anon$$obj.o(Region$$Table)
    SystemCoreClock                          0x20000000   Data           4  system_stm32f10x.o(.data)
    AHBPrescTable                            0x20000004   Data          16  system_stm32f10x.o(.data)
    uart_send_byte                           0x20000028   Data           4  fat_core.o(.data)
    usFatUartRecvCount                       0x2000002c   Data           2  fat_core.o(.data)
    ucFATUartEnterRecvFlg                    0x2000002e   Data           1  fat_core.o(.data)
    usFatUartRecvIdleTimeCount               0x20000030   Data           2  fat_core.o(.data)
    ucFatUartRecvFinishFlg                   0x20000032   Data           1  fat_core.o(.data)
    usDelayCount                             0x20000034   Data           2  fat_core.o(.data)
    ucTimeOutStartFlg                        0x20000036   Data           1  fat_core.o(.data)
    usTimeOutCount                           0x20000038   Data           2  fat_core.o(.data)
    usTimeOutVal                             0x2000003a   Data           2  fat_core.o(.data)
    ucTimeOutValReachedFlg                   0x2000003c   Data           1  fat_core.o(.data)
    ucSendCmdWaitOutTimeFlg                  0x2000003d   Data           1  fat_core.o(.data)
    ucOverTimeSetFlg                         0x2000003e   Data           1  fat_core.o(.data)
    ucStateNum                               0x20000040   Data           1  lte_demo.o(.data)
    retrytimes                               0x20000041   Data           1  lte_demo.o(.data)
    ucErrorTimes                             0x20000042   Data           1  lte_demo.o(.data)
    ucFlightModeTimes                        0x20000043   Data           1  lte_demo.o(.data)
    coor_ctrl_flag                           0x20000044   Data           1  lte_demo.o(.data)
    state                                    0x20000048   Data           4  lte_demo.o(.data)
    __stdout                                 0x2000004c   Data           4  uart.o(.data)
    USART2_RX_STA                            0x20000050   Data           2  uart.o(.data)
    my_usart_recv                            0x20000052   Data           7  uart.o(.data)
    startCount                               0x2000005a   Data           1  tim.o(.data)
    addrget                                  0x2000005b   Data           2  tim.o(.data)
    channelget                               0x2000005d   Data           1  tim.o(.data)
    ackTempIdx                               0x2000005e   Data           1  tim.o(.data)
    ackDataIdx                               0x2000005f   Data           1  tim.o(.data)
    Timer3Rtc_1s                             0x20000060   Data           2  tim.o(.data)
    Timer3Rtc_20s                            0x20000062   Data           2  tim.o(.data)
    Timer3Rtc_Restart                        0x20000064   Data           2  tim.o(.data)
    Timer3Rtc_FLAG                           0x20000066   Data           1  tim.o(.data)
    time_cycle                               0x20000067   Data           1  tim.o(.data)
    time_work_coor                           0x20000068   Data           1  tim.o(.data)
    time_cycle_term                          0x20000069   Data           1  tim.o(.data)
    time_recnt_term                          0x2000006a   Data           1  tim.o(.data)
    work_windows                             0x2000006b   Data           1  tim.o(.data)
    usart1_RX_BUF                            0x20000070   Data           2  lora.o(.data)
    usart1_RX_STA                            0x20000072   Data           2  lora.o(.data)
    usart1_RX_NUM                            0x20000074   Data           1  lora.o(.data)
    packNum                                  0x20000075   Data           1  lora.o(.data)
    newMacNum                                0x20000076   Data           1  lora.o(.data)
    dotNum                                   0x20000077   Data           1  lora.o(.data)
    Row                                      0x20000078   Data           1  lora.o(.data)
    Column                                   0x20000079   Data           1  lora.o(.data)
    idxAddr                                  0x2000007a   Data           1  lora.o(.data)
    addrNum                                  0x2000007b   Data           1  lora.o(.data)
    t                                        0x2000007c   Data           1  lora.o(.data)
    getAddr                                  0x20000080   Data           4  lora.o(.data)
    workCnt                                  0x20000084   Data           1  lora.o(.data)
    preShortAddr                             0x20000086   Data           2  lora.o(.data)
    acktempid                                0x20000088   Data           1  lora.o(.data)
    ackAddr                                  0x20000089   Data           2  lora.o(.data)
    ackChannel                               0x2000008b   Data           1  lora.o(.data)
    tempIdx                                  0x2000008c   Data           1  lora.o(.data)
    ackChannelBuf                            0x2000008d   Data           5  lora.o(.data)
    tempIdxFS                                0x20000092   Data           1  lora.o(.data)
    chipId_accu                              0x20000093   Data           1  lora.o(.data)
    getMAC                                   0x20000094   Data           1  lora.o(.data)
    bufWatch                                 0x20000095   Data           5  lora.o(.data)
    curTmlNum                                0x2000009a   Data           1  lora.o(.data)
    workState                                0x2000009b   Data           1  lora.o(.data)
    termalMonitor                            0x2000009c   Data           5  lora.o(.data)
    data_recv_default                        0x200000a1   Data           1  lora.o(.data)
    RecvCnt                                  0x200000a2   Data           1  lora.o(.data)
    my_adc_data                              0x200000a4   Data           4  adc.o(.data)
    voltage_warring                          0x200000a8   Data           4  adc.o(.data)
    cFatUartRecvBuf                          0x200000b0   Data         128  fat_core.o(.bss)
    cSocketRecvBuf                           0x20000130   Data         128  lte_demo.o(.bss)
    cSocketSendBuf                           0x200001b0   Data         128  lte_demo.o(.bss)
    this_cpa_addr                            0x20000230   Data          13  lte_demo.o(.bss)
    this_cpa_chel                            0x2000023d   Data          11  lte_demo.o(.bss)
    USART2_RX_BUF                            0x20000248   Data          10  uart.o(.bss)
    myusart_send_wake                        0x20000252   Data          32  uart.o(.bss)
    dataBuffer                               0x20000272   Data       14080  lora.o(.bss)
    shortAddr                                0x20003972   Data          10  lora.o(.bss)
    ChipId                                   0x2000397c   Data          12  lora.o(.bss)
    ackAddrBuf                               0x20003988   Data          10  lora.o(.bss)
    TempIdxBuf                               0x20003992   Data          10  lora.o(.bss)
    ChipIdBuf                                0x2000399c   Data          60  lora.o(.bss)
    VoltageBuf                               0x200039d8   Data          10  lora.o(.bss)
    FeedBack                                 0x200039e2   Data          30  lora.o(.bss)
    __initial_sp                             0x20004200   Data           0  startup_stm32f10x_hd.o(STACK)



==============================================================================

Memory Map of the image

  Image Entry point : 0x08000131

  Load Region LR_IROM1 (Base: 0x08000000, Size: 0x000053b0, Max: 0x00080000, ABSOLUTE)

    Execution Region ER_IROM1 (Exec base: 0x08000000, Load base: 0x08000000, Size: 0x00005300, Max: 0x00080000, ABSOLUTE)

    Exec Addr    Load Addr    Size         Type   Attr      Idx    E Section Name        Object

    0x08000000   0x08000000   0x00000130   Data   RO            3    RESET               startup_stm32f10x_hd.o
    0x08000130   0x08000130   0x00000000   Code   RO          709  * .ARM.Collect$$$$00000000  mc_w.l(entry.o)
    0x08000130   0x08000130   0x00000004   Code   RO          993    .ARM.Collect$$$$00000001  mc_w.l(entry2.o)
    0x08000134   0x08000134   0x00000004   Code   RO          996    .ARM.Collect$$$$00000004  mc_w.l(entry5.o)
    0x08000138   0x08000138   0x00000000   Code   RO          998    .ARM.Collect$$$$00000008  mc_w.l(entry7b.o)
    0x08000138   0x08000138   0x00000000   Code   RO         1000    .ARM.Collect$$$$0000000A  mc_w.l(entry8b.o)
    0x08000138   0x08000138   0x00000008   Code   RO         1001    .ARM.Collect$$$$0000000B  mc_w.l(entry9a.o)
    0x08000140   0x08000140   0x00000000   Code   RO         1003    .ARM.Collect$$$$0000000D  mc_w.l(entry10a.o)
    0x08000140   0x08000140   0x00000000   Code   RO         1005    .ARM.Collect$$$$0000000F  mc_w.l(entry11a.o)
    0x08000140   0x08000140   0x00000004   Code   RO          994    .ARM.Collect$$$$00002712  mc_w.l(entry2.o)
    0x08000144   0x08000144   0x00000024   Code   RO            4    .text               startup_stm32f10x_hd.o
    0x08000168   0x08000168   0x000001e0   Code   RO           24    .text               system_stm32f10x.o
    0x08000348   0x08000348   0x000000dc   Code   RO          121    .text               misc.o
    0x08000424   0x08000424   0x0000044e   Code   RO          137    .text               stm32f10x_adc.o
    0x08000872   0x08000872   0x00000002   PAD
    0x08000874   0x08000874   0x0000035c   Code   RO          269    .text               stm32f10x_gpio.o
    0x08000bd0   0x08000bd0   0x00000040   Code   RO          293    .text               stm32f10x_iwdg.o
    0x08000c10   0x08000c10   0x000003a4   Code   RO          317    .text               stm32f10x_rcc.o
    0x08000fb4   0x08000fb4   0x00000e1a   Code   RO          367    .text               stm32f10x_tim.o
    0x08001dce   0x08001dce   0x00000002   PAD
    0x08001dd0   0x08001dd0   0x00000408   Code   RO          379    .text               stm32f10x_usart.o
    0x080021d8   0x080021d8   0x00000320   Code   RO          403    .text               fat_core.o
    0x080024f8   0x080024f8   0x00000a84   Code   RO          492    .text               lte_demo.o
    0x08002f7c   0x08002f7c   0x000002ec   Code   RO          536    .text               uart.o
    0x08003268   0x08003268   0x000001b0   Code   RO          559    .text               tim.o
    0x08003418   0x08003418   0x00000078   Code   RO          581    .text               gpio.o
    0x08003490   0x08003490   0x00000978   Code   RO          593    .text               lora.o
    0x08003e08   0x08003e08   0x00000228   Code   RO          617    .text               adc.o
    0x08004030   0x08004030   0x0000002c   Code   RO          654    .text               iwdg.o
    0x0800405c   0x0800405c   0x00000a5c   Code   RO          669    .text               main.o
    0x08004ab8   0x08004ab8   0x0000001a   Code   RO          694    .text               stm32f10x_it.o
    0x08004ad2   0x08004ad2   0x00000024   Code   RO          712    .text               mc_w.l(memcpya.o)
    0x08004af6   0x08004af6   0x00000024   Code   RO          714    .text               mc_w.l(memseta.o)
    0x08004b1a   0x08004b1a   0x00000024   Code   RO          716    .text               mc_w.l(strstr.o)
    0x08004b3e   0x08004b3e   0x0000001e   Code   RO          718    .text               mc_w.l(strncmp.o)
    0x08004b5c   0x08004b5c   0x0000001a   Code   RO          983    .text               mc_w.l(atoi.o)
    0x08004b76   0x08004b76   0x000000e4   Code   RO          985    .text               mf_w.l(dmul.o)
    0x08004c5a   0x08004c5a   0x000000de   Code   RO          987    .text               mf_w.l(ddiv.o)
    0x08004d38   0x08004d38   0x00000032   Code   RO          989    .text               mf_w.l(dfixui.o)
    0x08004d6a   0x08004d6a   0x00000026   Code   RO          991    .text               mf_w.l(f2d.o)
    0x08004d90   0x08004d90   0x0000002c   Code   RO         1007    .text               mc_w.l(uidiv.o)
    0x08004dbc   0x08004dbc   0x00000020   Code   RO         1011    .text               mc_w.l(llushr.o)
    0x08004ddc   0x08004ddc   0x00000070   Code   RO         1020    .text               mc_w.l(strtol.o)
    0x08004e4c   0x08004e4c   0x00000000   Code   RO         1022    .text               mc_w.l(iusefp.o)
    0x08004e4c   0x08004e4c   0x000000ba   Code   RO         1023    .text               mf_w.l(depilogue.o)
    0x08004f06   0x08004f06   0x00000002   PAD
    0x08004f08   0x08004f08   0x00000024   Code   RO         1031    .text               mc_w.l(init.o)
    0x08004f2c   0x08004f2c   0x0000001e   Code   RO         1033    .text               mc_w.l(llshl.o)
    0x08004f4a   0x08004f4a   0x00000002   PAD
    0x08004f4c   0x08004f4c   0x00000008   Code   RO         1037    .text               mc_w.l(ctype_o.o)
    0x08004f54   0x08004f54   0x0000009e   Code   RO         1065    .text               mc_w.l(_strtoul.o)
    0x08004ff2   0x08004ff2   0x0000001c   Code   RO         1067    .text               mc_w.l(_chval.o)
    0x0800500e   0x0800500e   0x00000002   PAD
    0x08005010   0x08005010   0x00000020   Code   RO          811    i.__0printf$3       mc_w.l(printf3.o)
    0x08005030   0x08005030   0x00000008   Code   RO         1013    i.__aeabi_errno_addr  mc_w.l(errno.o)
    0x08005038   0x08005038   0x0000000e   Code   RO         1071    i.__scatterload_copy  mc_w.l(handlers.o)
    0x08005046   0x08005046   0x00000002   Code   RO         1072    i.__scatterload_null  mc_w.l(handlers.o)
    0x08005048   0x08005048   0x0000000e   Code   RO         1073    i.__scatterload_zeroinit  mc_w.l(handlers.o)
    0x08005056   0x08005056   0x00000002   PAD
    0x08005058   0x08005058   0x000001b8   Code   RO          818    i._printf_core      mc_w.l(printf3.o)
    0x08005210   0x08005210   0x00000005   Data   RO          595    .constdata          lora.o
    0x08005215   0x08005215   0x00000081   Data   RO         1038    .constdata          mc_w.l(ctype_o.o)
    0x08005296   0x08005296   0x00000002   PAD
    0x08005298   0x08005298   0x00000004   Data   RO         1039    .constdata          mc_w.l(ctype_o.o)
    0x0800529c   0x0800529c   0x00000043   Data   RO          670    .conststring        main.o
    0x080052df   0x080052df   0x00000001   PAD
    0x080052e0   0x080052e0   0x00000020   Data   RO         1069    Region$$Table       anon$$obj.o


    Execution Region RW_IRAM1 (Exec base: 0x20000000, Load base: 0x08005300, Size: 0x00004200, Max: 0x00010000, ABSOLUTE)

    Exec Addr    Load Addr    Size         Type   Attr      Idx    E Section Name        Object

    0x20000000   0x08005300   0x00000014   Data   RW           25    .data               system_stm32f10x.o
    0x20000014   0x08005314   0x00000014   Data   RW          318    .data               stm32f10x_rcc.o
    0x20000028   0x08005328   0x00000017   Data   RW          405    .data               fat_core.o
    0x2000003f   0x0800533f   0x00000001   PAD
    0x20000040   0x08005340   0x0000000c   Data   RW          494    .data               lte_demo.o
    0x2000004c   0x0800534c   0x0000000d   Data   RW          538    .data               uart.o
    0x20000059   0x08005359   0x00000001   PAD
    0x2000005a   0x0800535a   0x00000012   Data   RW          560    .data               tim.o
    0x2000006c   0x0800536c   0x00000037   Data   RW          596    .data               lora.o
    0x200000a3   0x080053a3   0x00000001   PAD
    0x200000a4   0x080053a4   0x00000008   Data   RW          618    .data               adc.o
    0x200000ac   0x080053ac   0x00000004   Data   RW         1016    .data               mc_w.l(errno.o)
    0x200000b0        -       0x00000080   Zero   RW          404    .bss                fat_core.o
    0x20000130        -       0x00000118   Zero   RW          493    .bss                lte_demo.o
    0x20000248        -       0x0000002a   Zero   RW          537    .bss                uart.o
    0x20000272        -       0x0000378e   Zero   RW          594    .bss                lora.o
    0x20003a00        -       0x00000800   Zero   RW            1    STACK               startup_stm32f10x_hd.o


==============================================================================

Image component sizes


      Code (inc. data)   RO Data    RW Data    ZI Data      Debug   Object Name

       552         20          0          8          0       2912   adc.o
         0          0          0          0          0       4508   core_cm3.o
       800         82          0         23        128       6092   fat_core.o
       120         10          0          0          0        572   gpio.o
        44          0          0          0          0        702   iwdg.o
      2424        326          5         55      14222       5557   lora.o
      2692        508          0         12        280      20127   lte_demo.o
      2652        704         67          0          0       2463   main.o
       220         22          0          0          0       1869   misc.o
        36          8        304          0       2048        892   startup_stm32f10x_hd.o
      1102         26          0          0          0      11105   stm32f10x_adc.o
       860         38          0          0          0       5797   stm32f10x_gpio.o
        26          0          0          0          0       1238   stm32f10x_it.o
        64          6          0          0          0       1309   stm32f10x_iwdg.o
       932         36          0         20          0       9000   stm32f10x_rcc.o
      3610         88          0          0          0      22908   stm32f10x_tim.o
      1032         22          0          0          0       8524   stm32f10x_usart.o
       480         38          0         20          0     259591   system_stm32f10x.o
       432         50          0         18          0       2647   tim.o
       748         22          0         13         42       6500   uart.o

    ----------------------------------------------------------------------
     18830       2006        409        172      16720     374313   Object Totals
         0          0         32          0          0          0   (incl. Generated)
         4          0          1          3          0          0   (incl. Padding)

    ----------------------------------------------------------------------

      Code (inc. data)   RO Data    RW Data    ZI Data      Debug   Library Member Name

        28          0          0          0          0         68   _chval.o
       158          0          0          0          0         92   _strtoul.o
        26          0          0          0          0         80   atoi.o
         8          4        133          0          0         68   ctype_o.o
         0          0          0          0          0          0   entry.o
         0          0          0          0          0          0   entry10a.o
         0          0          0          0          0          0   entry11a.o
         8          4          0          0          0          0   entry2.o
         4          0          0          0          0          0   entry5.o
         0          0          0          0          0          0   entry7b.o
         0          0          0          0          0          0   entry8b.o
         8          4          0          0          0          0   entry9a.o
         8          4          0          4          0         68   errno.o
        30          0          0          0          0          0   handlers.o
        36          8          0          0          0         68   init.o
         0          0          0          0          0          0   iusefp.o
        30          0          0          0          0         68   llshl.o
        32          0          0          0          0         68   llushr.o
        36          0          0          0          0         68   memcpya.o
        36          0          0          0          0        108   memseta.o
       472         14          0          0          0        184   printf3.o
        30          0          0          0          0         80   strncmp.o
        36          0          0          0          0         80   strstr.o
       112          0          0          0          0         88   strtol.o
        44          0          0          0          0         80   uidiv.o
       222          0          0          0          0        100   ddiv.o
       186          0          0          0          0        176   depilogue.o
        50          0          0          0          0         76   dfixui.o
       228          0          0          0          0         96   dmul.o
        38          0          0          0          0         68   f2d.o

    ----------------------------------------------------------------------
      1874         38        135          4          0       1784   Library Totals
         8          0          2          0          0          0   (incl. Padding)

    ----------------------------------------------------------------------

      Code (inc. data)   RO Data    RW Data    ZI Data      Debug   Library Name

      1142         38        133          4          0       1268   mc_w.l
       724          0          0          0          0        516   mf_w.l

    ----------------------------------------------------------------------
      1874         38        135          4          0       1784   Library Totals

    ----------------------------------------------------------------------

==============================================================================


      Code (inc. data)   RO Data    RW Data    ZI Data      Debug   

     20704       2044        544        176      16720     373701   Grand Totals
     20704       2044        544        176      16720     373701   ELF Image Totals
     20704       2044        544        176          0          0   ROM Totals

==============================================================================

    Total RO  Size (Code + RO Data)                21248 (  20.75kB)
    Total RW  Size (RW Data + ZI Data)             16896 (  16.50kB)
    Total ROM Size (Code + RO Data + RW Data)      21424 (  20.92kB)

==============================================================================

