<html>
<body>
<pre>
<h1>µVision Build Log</h1>
<h2>Tool Versions:</h2>
IDE-Version: ¦ÌVision V5.27.1.0
Copyright (C) 2019 ARM Ltd and ARM Germany GmbH. All rights reserved.
License Information: 123 1127931632@qq.com, 123, LIC=KRMW3-AEKA3-SB4EJ-UC01T-YASN2-JIDLQ
 
Tool Versions:
Toolchain:       MDK-ARM Plus  Version: 5.27.1.0
Toolchain Path:  C:\Keil_v5\ARM\ARMCC\Bin
C Compiler:      Armcc.exe V5.06 update 6 (build 750)
Assembler:       Armasm.exe V5.06 update 6 (build 750)
Linker/Locator:  ArmLink.exe V5.06 update 6 (build 750)
Library Manager: ArmAr.exe V5.06 update 6 (build 750)
Hex Converter:   FromElf.exe V5.06 update 6 (build 750)
CPU DLL:         SARMCM3.DLL V5.27.1.0
Dialog DLL:      DCM.DLL V1.17.2.0
Target DLL:      STLink\ST-LINKIII-KEIL_SWO.dll V3.0.6.0
Dialog DLL:      TCM.DLL V1.36.1.0
 
<h2>Project:</h2>
D:\NJUPT\Project\rail_bridge\LoRa\code\dev\coordinator-stm32-air724\Project\RVMDK(uv5)\LTE.uvprojx
Project File Date:  02/26/2022

<h2>Output:</h2>
*** Using Compiler 'V5.06 update 6 (build 750)', folder: 'C:\Keil_v5\ARM\ARMCC\Bin'
Rebuild target 'TCP_Client'
assembling startup_stm32f10x_hd.s...
compiling core_cm3.c...
compiling stm32f10x_adc.c...
compiling stm32f10x_can.c...
compiling stm32f10x_dma.c...
compiling stm32f10x_dbgmcu.c...
compiling misc.c...
compiling system_stm32f10x.c...
compiling stm32f10x_bkp.c...
compiling stm32f10x_cec.c...
compiling stm32f10x_exti.c...
compiling stm32f10x_dac.c...
compiling stm32f10x_crc.c...
compiling stm32f10x_gpio.c...
compiling stm32f10x_fsmc.c...
compiling stm32f10x_flash.c...
compiling stm32f10x_i2c.c...
compiling stm32f10x_iwdg.c...
compiling stm32f10x_pwr.c...
compiling stm32f10x_rcc.c...
compiling stm32f10x_rtc.c...
compiling stm32f10x_sdio.c...
compiling stm32f10x_spi.c...
compiling stm32f10x_usart.c...
compiling stm32f10x_wwdg.c...
compiling gpio.c...
compiling tim.c...
compiling fat_core.c...
compiling lte_demo.c...
..\..\Applications\lte\lte_demo.c(633): warning:  #187-D: use of "=" where "==" may have been intended
              else if ((ucFatUartRecvFinishFlg = 1) && fat_cmdres_keyword_matching("do not restart"))
..\..\Applications\lte\lte_demo.c: 1 warning, 0 errors
compiling stm32f10x_tim.c...
compiling uart.c...
compiling adc.c...
compiling LoRa.c...
compiling chipid.c...
compiling iwdg.c...
compiling main.c...
compiling stm32f10x_it.c...
linking...
Program Size: Code=20704 RO-data=544 RW-data=176 ZI-data=16720  
FromELF: creating hex file...
".\Objects\Air720_Air724.axf" - 0 Error(s), 1 Warning(s).

<h2>Software Packages used:</h2>

Package Vendor: Keil
                http://www.keil.com/pack/Keil.STM32F1xx_DFP.1.0.5.pack
                Keil.STM32F1xx_DFP.1.0.5
                STMicroelectronics STM32F1 Series Device Support, Drivers and Examples

<h2>Collection of Component include folders:</h2>
  .\RTE\_TCP_Client
  C:\Users\11279\AppData\Local\Arm\Packs\Keil\STM32F1xx_DFP\1.0.5\Device\Include

<h2>Collection of Component Files used:</h2>
Build Time Elapsed:  00:00:02
</pre>
</body>
</html>
